
         /\      Grafana   /ΓÇ╛ΓÇ╛/  
    /\  /  \     |\  __   /  /   
   /  \/    \    | |/ /  /   ΓÇ╛ΓÇ╛\ 
  /          \   |   (  |  (ΓÇ╛)  |
 / __________ \  |_|\_\  \_____/ 


     execution: local
        script: k6/full-platform/k6-full-platform-orchestrator.js
        output: -

     scenarios: (100.00%) 1 scenario, 1 max VUs, 30m30s max duration (incl. graceful stop):
              * fp_orchestrator: 1 iterations shared among 1 VUs (maxDuration: 30m0s, gracefulStop: 30s)

time="2026-06-02T19:07:43+05:00" level=info msg="[k6-full-platform-orchestrator] API=https://dev-api.ibernia.it IDENTITY=https://dev-identity.ibernia.it HTML_SIGNUP=false VUS=1 USER_COUNT=1" source=console
time="2026-06-02T19:07:43+05:00" level=info msg="[k6-full-platform-orchestrator] PHASE_A_SINGLE_EXECUTION=1 loadModeEnv=vus (env ignored) effective_executor=unknown vus=undefined iterations=undefined maxDuration=n/a" source=console
time="2026-06-02T19:07:43+05:00" level=info msg="[k6-full-platform-orchestrator] PHASE_A_SHARD_ID=advisor-04" source=console
time="2026-06-02T19:07:43+05:00" level=warning msg="[volume-slo] scenarios file unavailable (../../config/volume-scenarios.json); using inline default." source=console
time="2026-06-02T19:07:43+05:00" level=info msg="[k6-full-platform-orchestrator] VOLUME_SLO=1 profile=write gate=false scenario=S1 runId=S1-write-realistic-v3 config=../../config/volume-api-slo.json clientsPerAdvisor=1 plansPerClient=1 manifest=true skipTeardown=true preRunCleanup=true preRunCleanupAll=true" source=console
time="2026-06-02T19:07:43+05:00" level=info msg="[k6-full-platform-orchestrator] user pool=1 rows (USE_USER_POOL=false sticky_vu=true)" source=console
time="2026-06-02T19:07:43+05:00" level=warning msg="Error from API server" error="listen tcp 127.0.0.1:6565: bind: Only one usage of each socket address (protocol/network address/port) is normally permitted."

running (00m00.5s), 1/1 VUs, 0 complete and 0 interrupted iterations
fp_orchestrator   [   0% ] 1 VUs  00m00.4s/30m0s  0/1 shared iters

running (00m01.5s), 1/1 VUs, 0 complete and 0 interrupted iterations
fp_orchestrator   [   0% ] 1 VUs  00m01.4s/30m0s  0/1 shared iters
time="2026-06-02T19:07:45+05:00" level=info msg="[volume-manifest] init shardId=advisor-04 runTag=S1-write-realistic-v3 advisorSub=2b9a7110-ef78-484d-a588-490f261bc699 advisorEmail=User05@gmail.com vu=1 iteration=0" source=console
time="2026-06-02T19:07:45+05:00" level=warning msg="[volume-slo] scenarios file unavailable (../../config/volume-scenarios.json); using inline default." source=console

running (00m02.5s), 1/1 VUs, 0 complete and 0 interrupted iterations
fp_orchestrator   [   0% ] 1 VUs  00m02.4s/30m0s  0/1 shared iters

running (00m03.5s), 1/1 VUs, 0 complete and 0 interrupted iterations
fp_orchestrator   [   0% ] 1 VUs  00m03.4s/30m0s  0/1 shared iters

running (00m04.5s), 1/1 VUs, 0 complete and 0 interrupted iterations
fp_orchestrator   [   0% ] 1 VUs  00m04.4s/30m0s  0/1 shared iters

running (00m05.5s), 1/1 VUs, 0 complete and 0 interrupted iterations
fp_orchestrator   [   0% ] 1 VUs  00m05.4s/30m0s  0/1 shared iters

running (00m06.5s), 1/1 VUs, 0 complete and 0 interrupted iterations
fp_orchestrator   [   0% ] 1 VUs  00m06.4s/30m0s  0/1 shared iters

running (00m07.5s), 1/1 VUs, 0 complete and 0 interrupted iterations
fp_orchestrator   [   0% ] 1 VUs  00m07.4s/30m0s  0/1 shared iters

running (00m08.5s), 1/1 VUs, 0 complete and 0 interrupted iterations
fp_orchestrator   [   0% ] 1 VUs  00m08.4s/30m0s  0/1 shared iters

running (00m09.5s), 1/1 VUs, 0 complete and 0 interrupted iterations
fp_orchestrator   [   0% ] 1 VUs  00m09.4s/30m0s  0/1 shared iters

running (00m10.5s), 1/1 VUs, 0 complete and 0 interrupted iterations
fp_orchestrator   [   0% ] 1 VUs  00m10.4s/30m0s  0/1 shared iters
time="2026-06-02T19:07:54+05:00" level=info msg="[volume-cleanup] pre-run purge advisorSub=2b9a7110-ef78-484d-a588-490f261bc699 mode=all matched=3 deletedClients=3 deletedPlans=3 listOk=true" source=console

running (00m11.5s), 1/1 VUs, 0 complete and 0 interrupted iterations
fp_orchestrator   [   0% ] 1 VUs  00m11.4s/30m0s  0/1 shared iters
time="2026-06-02T19:07:55+05:00" level=info msg="__K6_PERF_WORST__{\"ms\":964.6794,\"durationMs\":964.6794,\"module\":\"full-platform\",\"method\":\"POST\",\"endpoint\":\"/api/v1/Clients\",\"script\":\"unknown\",\"scenario\":\"fp_orchestrator\",\"userEmail\":null,\"vu\":1,\"iteration\":0,\"activeSessions\":1,\"status\":201,\"cashflowId\":null,\"clientId\":null,\"advisorId\":null,\"actualUrl\":\"https://dev-api.ibernia.it/api/v1/Clients\",\"correlationId\":null,\"timestamp\":\"2026-06-02T14:07:55.056Z\",\"sliceId\":null,\"throttled\":false,\"adaptiveAbortNearby\":false,\"requestContext\":{\"path\":{},\"query\":{},\"payloadPreview\":\"{\\\"ClientDetails\\\":{\\\"FirstName\\\":\\\"Matteo\\\",\\\"LastName\\\":\\\"Russo-fp1_g0_1780409265082\\\",\\\"BirthDate\\\":\\\"1985-06-15T00:00:00.000Z\\\",\\\"PreferredCurrency\\\":\\\"EUR\\\",\\\"Country\\\":\\\"IT\\\",\\\"InflationRate\\\":2.5,\\\"Email\\\":\\\"matteo.russo.fp1_g0_1780409265082@example.com\\\",\\\"Phone\\\":\\\"+39000000000\\\"},\\\"PartnerDetail\\\":null,\\\"FinancialAdvisor\\\":{\\\"AdvisorId\\\":\\\"2b9a7110-ef78-484d-a588-490f261bc699\\\",\\\"AdvisorName\\\":\\\"LoadFirst05 LoadLast05\\\"},\\\"LastUpdated\\\":\\\"2026-06-02T14:07:54.085Z\\\",\\\"Notes\\\":\\\"k6 lifecycle fp1_g0_1780409265082 no-partner=1\\\"}\"}}" source=console
time="2026-06-02T19:07:55+05:00" level=info msg="__K6_PERF_SLOW__{\"ms\":964.6794,\"durationMs\":964.6794,\"module\":\"full-platform\",\"method\":\"POST\",\"endpoint\":\"/api/v1/Clients\",\"script\":\"unknown\",\"scenario\":\"fp_orchestrator\",\"userEmail\":null,\"vu\":1,\"iteration\":0,\"activeSessions\":1,\"status\":201,\"cashflowId\":null,\"clientId\":null,\"advisorId\":null,\"actualUrl\":\"https://dev-api.ibernia.it/api/v1/Clients\",\"correlationId\":null,\"timestamp\":\"2026-06-02T14:07:55.056Z\",\"sliceId\":null,\"throttled\":false,\"adaptiveAbortNearby\":false,\"requestContext\":{\"path\":{},\"query\":{},\"payloadPreview\":\"{\\\"ClientDetails\\\":{\\\"FirstName\\\":\\\"Matteo\\\",\\\"LastName\\\":\\\"Russo-fp1_g0_1780409265082\\\",\\\"BirthDate\\\":\\\"1985-06-15T00:00:00.000Z\\\",\\\"PreferredCurrency\\\":\\\"EUR\\\",\\\"Country\\\":\\\"IT\\\",\\\"InflationRate\\\":2.5,\\\"Email\\\":\\\"matteo.russo.fp1_g0_1780409265082@example.com\\\",\\\"Phone\\\":\\\"+39000000000\\\"},\\\"PartnerDetail\\\":null,\\\"FinancialAdvisor\\\":{\\\"AdvisorId\\\":\\\"2b9a7110-ef78-484d-a588-490f261bc699\\\",\\\"AdvisorName\\\":\\\"LoadFirst05 LoadLast05\\\"},\\\"LastUpdated\\\":\\\"2026-06-02T14:07:54.085Z\\\",\\\"Notes\\\":\\\"k6 lifecycle fp1_g0_1780409265082 no-partner=1\\\"}\"}}" source=console

running (00m12.5s), 1/1 VUs, 0 complete and 0 interrupted iterations
fp_orchestrator   [   0% ] 1 VUs  00m12.4s/30m0s  0/1 shared iters
time="2026-06-02T19:07:56+05:00" level=info msg="__K6_PERF_WORST__{\"ms\":937.9268,\"durationMs\":937.9268,\"module\":\"full-platform\",\"method\":\"GET\",\"endpoint\":\"/api/v1/Clients/{id}\",\"script\":\"unknown\",\"scenario\":\"fp_orchestrator\",\"userEmail\":null,\"vu\":1,\"iteration\":0,\"activeSessions\":1,\"status\":200,\"cashflowId\":null,\"clientId\":null,\"advisorId\":null,\"actualUrl\":\"https://dev-api.ibernia.it/api/v1/Clients/6a1ee3ba901fc6abfbffa284\",\"correlationId\":null,\"timestamp\":\"2026-06-02T14:07:56.001Z\",\"sliceId\":null,\"throttled\":false,\"adaptiveAbortNearby\":false,\"requestContext\":{\"path\":{\"Clients\":\"6a1ee3ba901fc6abfbffa284\"},\"query\":{},\"payloadPreview\":null}}" source=console
time="2026-06-02T19:07:56+05:00" level=info msg="__K6_PERF_SLOW__{\"ms\":937.9268,\"durationMs\":937.9268,\"module\":\"full-platform\",\"method\":\"GET\",\"endpoint\":\"/api/v1/Clients/{id}\",\"script\":\"unknown\",\"scenario\":\"fp_orchestrator\",\"userEmail\":null,\"vu\":1,\"iteration\":0,\"activeSessions\":1,\"status\":200,\"cashflowId\":null,\"clientId\":null,\"advisorId\":null,\"actualUrl\":\"https://dev-api.ibernia.it/api/v1/Clients/6a1ee3ba901fc6abfbffa284\",\"correlationId\":null,\"timestamp\":\"2026-06-02T14:07:56.001Z\",\"sliceId\":null,\"throttled\":false,\"adaptiveAbortNearby\":false,\"requestContext\":{\"path\":{\"Clients\":\"6a1ee3ba901fc6abfbffa284\"},\"query\":{},\"payloadPreview\":null}}" source=console

running (00m13.5s), 1/1 VUs, 0 complete and 0 interrupted iterations
fp_orchestrator   [   0% ] 1 VUs  00m13.4s/30m0s  0/1 shared iters

running (00m14.5s), 1/1 VUs, 0 complete and 0 interrupted iterations
fp_orchestrator   [   0% ] 1 VUs  00m14.4s/30m0s  0/1 shared iters
time="2026-06-02T19:07:58+05:00" level=info msg="__K6_PERF_WORST__{\"ms\":2007.1785,\"durationMs\":2007.1785,\"module\":\"full-platform\",\"method\":\"PUT\",\"endpoint\":\"/api/v1/Clients\",\"script\":\"unknown\",\"scenario\":\"fp_orchestrator\",\"userEmail\":null,\"vu\":1,\"iteration\":0,\"activeSessions\":1,\"status\":200,\"cashflowId\":null,\"clientId\":null,\"advisorId\":null,\"actualUrl\":\"https://dev-api.ibernia.it/api/v1/Clients\",\"correlationId\":null,\"timestamp\":\"2026-06-02T14:07:58.015Z\",\"sliceId\":null,\"throttled\":false,\"adaptiveAbortNearby\":false,\"requestContext\":{\"path\":{},\"query\":{},\"payloadPreview\":\"{\\\"lastUpdated\\\":\\\"2026-06-02T14:07:54.085Z\\\",\\\"notes\\\":\\\"k6 lifecycle fp1_g0_1780409265082 no-partner=1\\\",\\\"id\\\":\\\"6a1ee3ba901fc6abfbffa284\\\",\\\"clientDetails\\\":{\\\"email\\\":\\\"matteo.russo.fp1_g0_1780409265082@example.com\\\",\\\"phone\\\":\\\"+39000000000\\\",\\\"firstName\\\":\\\"Matteo\\\",\\\"lastName\\\":\\\"Russo-fp1_g0_1780409265082\\\",\\\"birthDate\\\":\\\"1985-06-15T00:00:00Z\\\",\\\"preferredCurrency\\\":\\\"EUR\\\",\\\"country\\\":\\\"IT\\\",\\\"inflationRate\\\":2.5},\\\"partnerDetail\\\":null,\\\"financialAdvisor\\\":{\\\"advisorName\\\":\\\"LoadFirst05 LoadLast05\\\",\\\"advisorId\\\":\\\"2b9a7110-ef78-484d-a588-490f261bc6ΓÇª\"}}" source=console
time="2026-06-02T19:07:58+05:00" level=info msg="__K6_PERF_SLOW__{\"ms\":2007.1785,\"durationMs\":2007.1785,\"module\":\"full-platform\",\"method\":\"PUT\",\"endpoint\":\"/api/v1/Clients\",\"script\":\"unknown\",\"scenario\":\"fp_orchestrator\",\"userEmail\":null,\"vu\":1,\"iteration\":0,\"activeSessions\":1,\"status\":200,\"cashflowId\":null,\"clientId\":null,\"advisorId\":null,\"actualUrl\":\"https://dev-api.ibernia.it/api/v1/Clients\",\"correlationId\":null,\"timestamp\":\"2026-06-02T14:07:58.015Z\",\"sliceId\":null,\"throttled\":false,\"adaptiveAbortNearby\":false,\"requestContext\":{\"path\":{},\"query\":{},\"payloadPreview\":\"{\\\"lastUpdated\\\":\\\"2026-06-02T14:07:54.085Z\\\",\\\"notes\\\":\\\"k6 lifecycle fp1_g0_1780409265082 no-partner=1\\\",\\\"id\\\":\\\"6a1ee3ba901fc6abfbffa284\\\",\\\"clientDetails\\\":{\\\"email\\\":\\\"matteo.russo.fp1_g0_1780409265082@example.com\\\",\\\"phone\\\":\\\"+39000000000\\\",\\\"firstName\\\":\\\"Matteo\\\",\\\"lastName\\\":\\\"Russo-fp1_g0_1780409265082\\\",\\\"birthDate\\\":\\\"1985-06-15T00:00:00Z\\\",\\\"preferredCurrency\\\":\\\"EUR\\\",\\\"country\\\":\\\"IT\\\",\\\"inflationRate\\\":2.5},\\\"partnerDetail\\\":null,\\\"financialAdvisor\\\":{\\\"advisorName\\\":\\\"LoadFirst05 LoadLast05\\\",\\\"advisorId\\\":\\\"2b9a7110-ef78-484d-a588-490f261bc6ΓÇª\"}}" source=console

running (00m15.5s), 1/1 VUs, 0 complete and 0 interrupted iterations
fp_orchestrator   [   0% ] 1 VUs  00m15.4s/30m0s  0/1 shared iters

running (00m16.5s), 1/1 VUs, 0 complete and 0 interrupted iterations
fp_orchestrator   [   0% ] 1 VUs  00m16.4s/30m0s  0/1 shared iters

running (00m17.5s), 1/1 VUs, 0 complete and 0 interrupted iterations
fp_orchestrator   [   0% ] 1 VUs  00m17.4s/30m0s  0/1 shared iters

running (00m18.5s), 1/1 VUs, 0 complete and 0 interrupted iterations
fp_orchestrator   [   0% ] 1 VUs  00m18.4s/30m0s  0/1 shared iters

running (00m19.5s), 1/1 VUs, 0 complete and 0 interrupted iterations
fp_orchestrator   [   0% ] 1 VUs  00m19.4s/30m0s  0/1 shared iters
time="2026-06-02T19:08:03+05:00" level=info msg="__K6_PERF_WORST__{\"ms\":5002.269,\"durationMs\":5002.269,\"module\":\"full-platform\",\"method\":\"POST\",\"endpoint\":\"/api/v1/cashflows\",\"script\":\"unknown\",\"scenario\":\"fp_orchestrator\",\"userEmail\":null,\"vu\":1,\"iteration\":0,\"activeSessions\":1,\"status\":201,\"cashflowId\":null,\"clientId\":null,\"advisorId\":null,\"actualUrl\":\"https://dev-api.ibernia.it/api/v1/cashflows\",\"correlationId\":null,\"timestamp\":\"2026-06-02T14:08:03.030Z\",\"sliceId\":null,\"throttled\":false,\"adaptiveAbortNearby\":false,\"requestContext\":{\"path\":{},\"query\":{},\"payloadPreview\":\"{\\\"name\\\":\\\"Early career wealth plan\\\",\\\"planDuration\\\":40,\\\"inflationRate\\\":2.5,\\\"description\\\":\\\"Early career wealth plan for Software developer (Matteo Russo).\\\",\\\"clientBirthDate\\\":\\\"1985-06-15T00:00:00Z\\\",\\\"client\\\":{\\\"id\\\":\\\"6a1ee3ba901fc6abfbffa284\\\",\\\"name\\\":\\\"Matteo Russo-fp1_g0_1780409265082\\\"},\\\"financialAdvisor\\\":{\\\"advisorId\\\":\\\"2b9a7110-ef78-484d-a588-490f261bc699\\\",\\\"advisorName\\\":\\\"LoadFirst05 LoadLast05\\\"}}\"}}" source=console
time="2026-06-02T19:08:03+05:00" level=info msg="__K6_PERF_SLOW__{\"ms\":5002.269,\"durationMs\":5002.269,\"module\":\"full-platform\",\"method\":\"POST\",\"endpoint\":\"/api/v1/cashflows\",\"script\":\"unknown\",\"scenario\":\"fp_orchestrator\",\"userEmail\":null,\"vu\":1,\"iteration\":0,\"activeSessions\":1,\"status\":201,\"cashflowId\":null,\"clientId\":null,\"advisorId\":null,\"actualUrl\":\"https://dev-api.ibernia.it/api/v1/cashflows\",\"correlationId\":null,\"timestamp\":\"2026-06-02T14:08:03.030Z\",\"sliceId\":null,\"throttled\":false,\"adaptiveAbortNearby\":false,\"requestContext\":{\"path\":{},\"query\":{},\"payloadPreview\":\"{\\\"name\\\":\\\"Early career wealth plan\\\",\\\"planDuration\\\":40,\\\"inflationRate\\\":2.5,\\\"description\\\":\\\"Early career wealth plan for Software developer (Matteo Russo).\\\",\\\"clientBirthDate\\\":\\\"1985-06-15T00:00:00Z\\\",\\\"client\\\":{\\\"id\\\":\\\"6a1ee3ba901fc6abfbffa284\\\",\\\"name\\\":\\\"Matteo Russo-fp1_g0_1780409265082\\\"},\\\"financialAdvisor\\\":{\\\"advisorId\\\":\\\"2b9a7110-ef78-484d-a588-490f261bc699\\\",\\\"advisorName\\\":\\\"LoadFirst05 LoadLast05\\\"}}\"}}" source=console

running (00m20.5s), 1/1 VUs, 0 complete and 0 interrupted iterations
fp_orchestrator   [   0% ] 1 VUs  00m20.4s/30m0s  0/1 shared iters
time="2026-06-02T19:08:04+05:00" level=info msg="__K6_PERF_WORST__{\"ms\":1153.8056,\"durationMs\":1153.8056,\"module\":\"full-platform\",\"method\":\"GET\",\"endpoint\":\"/api/v1/Events/default\",\"script\":\"unknown\",\"scenario\":\"fp_orchestrator\",\"userEmail\":null,\"vu\":1,\"iteration\":0,\"activeSessions\":1,\"status\":200,\"cashflowId\":null,\"clientId\":null,\"advisorId\":null,\"actualUrl\":\"https://dev-api.ibernia.it/api/v1/Events/default\",\"correlationId\":null,\"timestamp\":\"2026-06-02T14:08:04.198Z\",\"sliceId\":null,\"throttled\":false,\"adaptiveAbortNearby\":false,\"requestContext\":{\"path\":{},\"query\":{},\"payloadPreview\":null}}" source=console
time="2026-06-02T19:08:04+05:00" level=info msg="__K6_PERF_SLOW__{\"ms\":1153.8056,\"durationMs\":1153.8056,\"module\":\"full-platform\",\"method\":\"GET\",\"endpoint\":\"/api/v1/Events/default\",\"script\":\"unknown\",\"scenario\":\"fp_orchestrator\",\"userEmail\":null,\"vu\":1,\"iteration\":0,\"activeSessions\":1,\"status\":200,\"cashflowId\":null,\"clientId\":null,\"advisorId\":null,\"actualUrl\":\"https://dev-api.ibernia.it/api/v1/Events/default\",\"correlationId\":null,\"timestamp\":\"2026-06-02T14:08:04.198Z\",\"sliceId\":null,\"throttled\":false,\"adaptiveAbortNearby\":false,\"requestContext\":{\"path\":{},\"query\":{},\"payloadPreview\":null}}" source=console

running (00m21.5s), 1/1 VUs, 0 complete and 0 interrupted iterations
fp_orchestrator   [   0% ] 1 VUs  00m21.4s/30m0s  0/1 shared iters
time="2026-06-02T19:08:05+05:00" level=info msg="__K6_PERF_WORST__{\"ms\":847.5138,\"durationMs\":847.5138,\"module\":\"full-platform\",\"method\":\"GET\",\"endpoint\":\"/api/v1/Events/custom\",\"script\":\"unknown\",\"scenario\":\"fp_orchestrator\",\"userEmail\":null,\"vu\":1,\"iteration\":0,\"activeSessions\":1,\"status\":200,\"cashflowId\":null,\"clientId\":null,\"advisorId\":null,\"actualUrl\":\"https://dev-api.ibernia.it/api/v1/Events/custom\",\"correlationId\":null,\"timestamp\":\"2026-06-02T14:08:05.056Z\",\"sliceId\":null,\"throttled\":false,\"adaptiveAbortNearby\":false,\"requestContext\":{\"path\":{},\"query\":{},\"payloadPreview\":null}}" source=console
time="2026-06-02T19:08:05+05:00" level=info msg="__K6_PERF_SLOW__{\"ms\":847.5138,\"durationMs\":847.5138,\"module\":\"full-platform\",\"method\":\"GET\",\"endpoint\":\"/api/v1/Events/custom\",\"script\":\"unknown\",\"scenario\":\"fp_orchestrator\",\"userEmail\":null,\"vu\":1,\"iteration\":0,\"activeSessions\":1,\"status\":200,\"cashflowId\":null,\"clientId\":null,\"advisorId\":null,\"actualUrl\":\"https://dev-api.ibernia.it/api/v1/Events/custom\",\"correlationId\":null,\"timestamp\":\"2026-06-02T14:08:05.056Z\",\"sliceId\":null,\"throttled\":false,\"adaptiveAbortNearby\":false,\"requestContext\":{\"path\":{},\"query\":{},\"payloadPreview\":null}}" source=console

running (00m22.5s), 1/1 VUs, 0 complete and 0 interrupted iterations
fp_orchestrator   [   0% ] 1 VUs  00m22.4s/30m0s  0/1 shared iters

running (00m23.5s), 1/1 VUs, 0 complete and 0 interrupted iterations
fp_orchestrator   [   0% ] 1 VUs  00m23.4s/30m0s  0/1 shared iters
time="2026-06-02T19:08:07+05:00" level=info msg="__K6_PERF_WORST__{\"ms\":1933.8341,\"durationMs\":1933.8341,\"module\":\"full-platform\",\"method\":\"POST\",\"endpoint\":\"/api/v1/cashflows/{cashflowId}/timelines/events\",\"script\":\"unknown\",\"scenario\":\"fp_orchestrator\",\"userEmail\":null,\"vu\":1,\"iteration\":0,\"activeSessions\":1,\"status\":200,\"cashflowId\":null,\"clientId\":null,\"advisorId\":null,\"actualUrl\":\"https://dev-api.ibernia.it/api/v1/cashflows/6a1ee3be901fc6abfbffa47c/timelines/events\",\"correlationId\":null,\"timestamp\":\"2026-06-02T14:08:07.004Z\",\"sliceId\":null,\"throttled\":false,\"adaptiveAbortNearby\":false,\"requestContext\":{\"path\":{\"cashflows\":\"6a1ee3be901fc6abfbffa47c\"},\"query\":{},\"payloadPreview\":\"{\\\"behaviorKey\\\":\\\"retirement_age\\\",\\\"name\\\":\\\"Retirement age\\\",\\\"type\\\":1,\\\"isDefault\\\":true,\\\"isOneOff\\\":true,\\\"isPlaceHolder\\\":false,\\\"isCash\\\":false,\\\"isFinance\\\":false,\\\"start\\\":{\\\"age\\\":67,\\\"year\\\":2052},\\\"end\\\":{\\\"age\\\":67,\\\"year\\\":2052},\\\"netAmount\\\":{\\\"amount\\\":15000,\\\"currencySymbol\\\":\\\"Γé¼\\\"}}\"}}" source=console
time="2026-06-02T19:08:07+05:00" level=info msg="__K6_PERF_SLOW__{\"ms\":1933.8341,\"durationMs\":1933.8341,\"module\":\"full-platform\",\"method\":\"POST\",\"endpoint\":\"/api/v1/cashflows/{cashflowId}/timelines/events\",\"script\":\"unknown\",\"scenario\":\"fp_orchestrator\",\"userEmail\":null,\"vu\":1,\"iteration\":0,\"activeSessions\":1,\"status\":200,\"cashflowId\":null,\"clientId\":null,\"advisorId\":null,\"actualUrl\":\"https://dev-api.ibernia.it/api/v1/cashflows/6a1ee3be901fc6abfbffa47c/timelines/events\",\"correlationId\":null,\"timestamp\":\"2026-06-02T14:08:07.004Z\",\"sliceId\":null,\"throttled\":false,\"adaptiveAbortNearby\":false,\"requestContext\":{\"path\":{\"cashflows\":\"6a1ee3be901fc6abfbffa47c\"},\"query\":{},\"payloadPreview\":\"{\\\"behaviorKey\\\":\\\"retirement_age\\\",\\\"name\\\":\\\"Retirement age\\\",\\\"type\\\":1,\\\"isDefault\\\":true,\\\"isOneOff\\\":true,\\\"isPlaceHolder\\\":false,\\\"isCash\\\":false,\\\"isFinance\\\":false,\\\"start\\\":{\\\"age\\\":67,\\\"year\\\":2052},\\\"end\\\":{\\\"age\\\":67,\\\"year\\\":2052},\\\"netAmount\\\":{\\\"amount\\\":15000,\\\"currencySymbol\\\":\\\"Γé¼\\\"}}\"}}" source=console

running (00m24.5s), 1/1 VUs, 0 complete and 0 interrupted iterations
fp_orchestrator   [   0% ] 1 VUs  00m24.4s/30m0s  0/1 shared iters
time="2026-06-02T19:08:08+05:00" level=info msg="__K6_PERF_SLOW__{\"ms\":1090.3951,\"durationMs\":1090.3951,\"module\":\"full-platform\",\"method\":\"POST\",\"endpoint\":\"/api/v1/cashflows/{cashflowId}/timelines/events\",\"script\":\"unknown\",\"scenario\":\"fp_orchestrator\",\"userEmail\":null,\"vu\":1,\"iteration\":0,\"activeSessions\":1,\"status\":200,\"cashflowId\":null,\"clientId\":null,\"advisorId\":null,\"actualUrl\":\"https://dev-api.ibernia.it/api/v1/cashflows/6a1ee3be901fc6abfbffa47c/timelines/events\",\"correlationId\":null,\"timestamp\":\"2026-06-02T14:08:08.104Z\",\"sliceId\":null,\"throttled\":false,\"adaptiveAbortNearby\":false,\"requestContext\":{\"path\":{\"cashflows\":\"6a1ee3be901fc6abfbffa47c\"},\"query\":{},\"payloadPreview\":\"{\\\"behaviorKey\\\":\\\"education\\\",\\\"name\\\":\\\"Education\\\",\\\"type\\\":2,\\\"isDefault\\\":true,\\\"isOneOff\\\":true,\\\"isPlaceHolder\\\":false,\\\"isCash\\\":false,\\\"isFinance\\\":false,\\\"start\\\":{\\\"age\\\":52,\\\"year\\\":2037},\\\"end\\\":{\\\"age\\\":52,\\\"year\\\":2037},\\\"netAmount\\\":{\\\"amount\\\":8000,\\\"currencySymbol\\\":\\\"Γé¼\\\"}}\"}}" source=console

running (00m25.5s), 1/1 VUs, 0 complete and 0 interrupted iterations
fp_orchestrator   [   0% ] 1 VUs  00m25.4s/30m0s  0/1 shared iters
time="2026-06-02T19:08:09+05:00" level=info msg="__K6_PERF_WORST__{\"ms\":1118.4639,\"durationMs\":1118.4639,\"module\":\"full-platform\",\"method\":\"GET\",\"endpoint\":\"/api/v1/cashflows/{cashflowId}/timelines\",\"script\":\"unknown\",\"scenario\":\"fp_orchestrator\",\"userEmail\":null,\"vu\":1,\"iteration\":0,\"activeSessions\":1,\"status\":200,\"cashflowId\":null,\"clientId\":null,\"advisorId\":null,\"actualUrl\":\"https://dev-api.ibernia.it/api/v1/cashflows/6a1ee3be901fc6abfbffa47c/timelines\",\"correlationId\":null,\"timestamp\":\"2026-06-02T14:08:09.229Z\",\"sliceId\":null,\"throttled\":false,\"adaptiveAbortNearby\":false,\"requestContext\":{\"path\":{\"cashflows\":\"6a1ee3be901fc6abfbffa47c\"},\"query\":{},\"payloadPreview\":null}}" source=console
time="2026-06-02T19:08:09+05:00" level=info msg="__K6_PERF_SLOW__{\"ms\":1118.4639,\"durationMs\":1118.4639,\"module\":\"full-platform\",\"method\":\"GET\",\"endpoint\":\"/api/v1/cashflows/{cashflowId}/timelines\",\"script\":\"unknown\",\"scenario\":\"fp_orchestrator\",\"userEmail\":null,\"vu\":1,\"iteration\":0,\"activeSessions\":1,\"status\":200,\"cashflowId\":null,\"clientId\":null,\"advisorId\":null,\"actualUrl\":\"https://dev-api.ibernia.it/api/v1/cashflows/6a1ee3be901fc6abfbffa47c/timelines\",\"correlationId\":null,\"timestamp\":\"2026-06-02T14:08:09.229Z\",\"sliceId\":null,\"throttled\":false,\"adaptiveAbortNearby\":false,\"requestContext\":{\"path\":{\"cashflows\":\"6a1ee3be901fc6abfbffa47c\"},\"query\":{},\"payloadPreview\":null}}" source=console

running (00m26.5s), 1/1 VUs, 0 complete and 0 interrupted iterations
fp_orchestrator   [   0% ] 1 VUs  00m26.4s/30m0s  0/1 shared iters
time="2026-06-02T19:08:10+05:00" level=info msg="__K6_PERF_WORST__{\"ms\":942.1553,\"durationMs\":942.1553,\"module\":\"full-platform\",\"method\":\"GET\",\"endpoint\":\"/api/v1/cashflows/{cashflowId}/timelines/financing\",\"script\":\"unknown\",\"scenario\":\"fp_orchestrator\",\"userEmail\":null,\"vu\":1,\"iteration\":0,\"activeSessions\":1,\"status\":200,\"cashflowId\":null,\"clientId\":null,\"advisorId\":null,\"actualUrl\":\"https://dev-api.ibernia.it/api/v1/cashflows/6a1ee3be901fc6abfbffa47c/timelines/financing\",\"correlationId\":null,\"timestamp\":\"2026-06-02T14:08:10.185Z\",\"sliceId\":null,\"throttled\":false,\"adaptiveAbortNearby\":false,\"requestContext\":{\"path\":{\"cashflows\":\"6a1ee3be901fc6abfbffa47c\"},\"query\":{},\"payloadPreview\":null}}" source=console
time="2026-06-02T19:08:10+05:00" level=info msg="__K6_PERF_SLOW__{\"ms\":942.1553,\"durationMs\":942.1553,\"module\":\"full-platform\",\"method\":\"GET\",\"endpoint\":\"/api/v1/cashflows/{cashflowId}/timelines/financing\",\"script\":\"unknown\",\"scenario\":\"fp_orchestrator\",\"userEmail\":null,\"vu\":1,\"iteration\":0,\"activeSessions\":1,\"status\":200,\"cashflowId\":null,\"clientId\":null,\"advisorId\":null,\"actualUrl\":\"https://dev-api.ibernia.it/api/v1/cashflows/6a1ee3be901fc6abfbffa47c/timelines/financing\",\"correlationId\":null,\"timestamp\":\"2026-06-02T14:08:10.185Z\",\"sliceId\":null,\"throttled\":false,\"adaptiveAbortNearby\":false,\"requestContext\":{\"path\":{\"cashflows\":\"6a1ee3be901fc6abfbffa47c\"},\"query\":{},\"payloadPreview\":null}}" source=console

running (00m27.5s), 1/1 VUs, 0 complete and 0 interrupted iterations
fp_orchestrator   [   0% ] 1 VUs  00m27.4s/30m0s  0/1 shared iters

running (00m28.5s), 1/1 VUs, 0 complete and 0 interrupted iterations
fp_orchestrator   [   0% ] 1 VUs  00m28.4s/30m0s  0/1 shared iters
time="2026-06-02T19:08:11+05:00" level=info msg="__K6_PERF_WORST__{\"ms\":1512.3205,\"durationMs\":1512.3205,\"module\":\"full-platform\",\"method\":\"GET\",\"endpoint\":\"/api/v1/cashflows/{cashflowId}/income-expense/financial\",\"script\":\"unknown\",\"scenario\":\"fp_orchestrator\",\"userEmail\":null,\"vu\":1,\"iteration\":0,\"activeSessions\":1,\"status\":200,\"cashflowId\":null,\"clientId\":null,\"advisorId\":null,\"actualUrl\":\"https://dev-api.ibernia.it/api/v1/cashflows/6a1ee3be901fc6abfbffa47c/income-expense/financial\",\"correlationId\":null,\"timestamp\":\"2026-06-02T14:08:11.705Z\",\"sliceId\":null,\"throttled\":false,\"adaptiveAbortNearby\":false,\"requestContext\":{\"path\":{\"cashflows\":\"6a1ee3be901fc6abfbffa47c\"},\"query\":{},\"payloadPreview\":null}}" source=console
time="2026-06-02T19:08:11+05:00" level=info msg="__K6_PERF_SLOW__{\"ms\":1512.3205,\"durationMs\":1512.3205,\"module\":\"full-platform\",\"method\":\"GET\",\"endpoint\":\"/api/v1/cashflows/{cashflowId}/income-expense/financial\",\"script\":\"unknown\",\"scenario\":\"fp_orchestrator\",\"userEmail\":null,\"vu\":1,\"iteration\":0,\"activeSessions\":1,\"status\":200,\"cashflowId\":null,\"clientId\":null,\"advisorId\":null,\"actualUrl\":\"https://dev-api.ibernia.it/api/v1/cashflows/6a1ee3be901fc6abfbffa47c/income-expense/financial\",\"correlationId\":null,\"timestamp\":\"2026-06-02T14:08:11.705Z\",\"sliceId\":null,\"throttled\":false,\"adaptiveAbortNearby\":false,\"requestContext\":{\"path\":{\"cashflows\":\"6a1ee3be901fc6abfbffa47c\"},\"query\":{},\"payloadPreview\":null}}" source=console

running (00m29.5s), 1/1 VUs, 0 complete and 0 interrupted iterations
fp_orchestrator   [   0% ] 1 VUs  00m29.4s/30m0s  0/1 shared iters

running (00m30.5s), 1/1 VUs, 0 complete and 0 interrupted iterations
fp_orchestrator   [   0% ] 1 VUs  00m30.4s/30m0s  0/1 shared iters

running (00m31.5s), 1/1 VUs, 0 complete and 0 interrupted iterations
fp_orchestrator   [   0% ] 1 VUs  00m31.4s/30m0s  0/1 shared iters

running (00m32.5s), 1/1 VUs, 0 complete and 0 interrupted iterations
fp_orchestrator   [   0% ] 1 VUs  00m32.4s/30m0s  0/1 shared iters

running (00m33.5s), 1/1 VUs, 0 complete and 0 interrupted iterations
fp_orchestrator   [   0% ] 1 VUs  00m33.4s/30m0s  0/1 shared iters

running (00m34.5s), 1/1 VUs, 0 complete and 0 interrupted iterations
fp_orchestrator   [   0% ] 1 VUs  00m34.4s/30m0s  0/1 shared iters
time="2026-06-02T19:08:18+05:00" level=info msg="__K6_PERF_WORST__{\"ms\":6813.0297,\"durationMs\":6813.0297,\"module\":\"full-platform\",\"method\":\"POST\",\"endpoint\":\"/api/v1/cashflows/{cashflowId}/financial/income\",\"script\":\"unknown\",\"scenario\":\"fp_orchestrator\",\"userEmail\":null,\"vu\":1,\"iteration\":0,\"activeSessions\":1,\"status\":200,\"cashflowId\":null,\"clientId\":null,\"advisorId\":null,\"actualUrl\":\"https://dev-api.ibernia.it/api/v1/cashflows/6a1ee3be901fc6abfbffa47c/financial/income\",\"correlationId\":null,\"timestamp\":\"2026-06-02T14:08:18.533Z\",\"sliceId\":null,\"throttled\":false,\"adaptiveAbortNearby\":false,\"requestContext\":{\"path\":{\"cashflows\":\"6a1ee3be901fc6abfbffa47c\"},\"query\":{},\"payloadPreview\":\"{\\\"description\\\":\\\"Primary salary ΓÇö Software developer [vol-fp1_g0_1780409265082-p0]\\\",\\\"amount\\\":{\\\"amount\\\":3800,\\\"currencySymbol\\\":\\\"Γé¼\\\"},\\\"start\\\":{\\\"age\\\":36,\\\"year\\\":2021},\\\"end\\\":{\\\"age\\\":65,\\\"year\\\":2050},\\\"isCash\\\":false,\\\"isFinance\\\":false,\\\"isDefault\\\":false,\\\"isIncomeExpenseSource\\\":false,\\\"isDisplayOnly\\\":false}\"}}" source=console
time="2026-06-02T19:08:18+05:00" level=info msg="__K6_PERF_SLOW__{\"ms\":6813.0297,\"durationMs\":6813.0297,\"module\":\"full-platform\",\"method\":\"POST\",\"endpoint\":\"/api/v1/cashflows/{cashflowId}/financial/income\",\"script\":\"unknown\",\"scenario\":\"fp_orchestrator\",\"userEmail\":null,\"vu\":1,\"iteration\":0,\"activeSessions\":1,\"status\":200,\"cashflowId\":null,\"clientId\":null,\"advisorId\":null,\"actualUrl\":\"https://dev-api.ibernia.it/api/v1/cashflows/6a1ee3be901fc6abfbffa47c/financial/income\",\"correlationId\":null,\"timestamp\":\"2026-06-02T14:08:18.533Z\",\"sliceId\":null,\"throttled\":false,\"adaptiveAbortNearby\":false,\"requestContext\":{\"path\":{\"cashflows\":\"6a1ee3be901fc6abfbffa47c\"},\"query\":{},\"payloadPreview\":\"{\\\"description\\\":\\\"Primary salary ΓÇö Software developer [vol-fp1_g0_1780409265082-p0]\\\",\\\"amount\\\":{\\\"amount\\\":3800,\\\"currencySymbol\\\":\\\"Γé¼\\\"},\\\"start\\\":{\\\"age\\\":36,\\\"year\\\":2021},\\\"end\\\":{\\\"age\\\":65,\\\"year\\\":2050},\\\"isCash\\\":false,\\\"isFinance\\\":false,\\\"isDefault\\\":false,\\\"isIncomeExpenseSource\\\":false,\\\"isDisplayOnly\\\":false}\"}}" source=console

running (00m35.5s), 1/1 VUs, 0 complete and 0 interrupted iterations
fp_orchestrator   [   0% ] 1 VUs  00m35.4s/30m0s  0/1 shared iters

running (00m36.5s), 1/1 VUs, 0 complete and 0 interrupted iterations
fp_orchestrator   [   0% ] 1 VUs  00m36.4s/30m0s  0/1 shared iters
time="2026-06-02T19:08:20+05:00" level=info msg="__K6_PERF_SLOW__{\"ms\":1835.4196,\"durationMs\":1835.4196,\"module\":\"full-platform\",\"method\":\"POST\",\"endpoint\":\"/api/v1/cashflows/{cashflowId}/financial/income\",\"script\":\"unknown\",\"scenario\":\"fp_orchestrator\",\"userEmail\":null,\"vu\":1,\"iteration\":0,\"activeSessions\":1,\"status\":200,\"cashflowId\":null,\"clientId\":null,\"advisorId\":null,\"actualUrl\":\"https://dev-api.ibernia.it/api/v1/cashflows/6a1ee3be901fc6abfbffa47c/financial/income\",\"correlationId\":null,\"timestamp\":\"2026-06-02T14:08:20.380Z\",\"sliceId\":null,\"throttled\":false,\"adaptiveAbortNearby\":false,\"requestContext\":{\"path\":{\"cashflows\":\"6a1ee3be901fc6abfbffa47c\"},\"query\":{},\"payloadPreview\":\"{\\\"description\\\":\\\"Annual performance bonus (Matteo Russo) [vol-fp1_g0_1780409265082-p0]\\\",\\\"amount\\\":{\\\"amount\\\":304,\\\"currencySymbol\\\":\\\"Γé¼\\\"},\\\"start\\\":{\\\"age\\\":36,\\\"year\\\":2021},\\\"end\\\":{\\\"age\\\":65,\\\"year\\\":2050},\\\"isCash\\\":false,\\\"isFinance\\\":false,\\\"isDefault\\\":false,\\\"isIncomeExpenseSource\\\":false,\\\"isDisplayOnly\\\":false}\"}}" source=console

running (00m37.5s), 1/1 VUs, 0 complete and 0 interrupted iterations
fp_orchestrator   [   0% ] 1 VUs  00m37.4s/30m0s  0/1 shared iters
time="2026-06-02T19:08:21+05:00" level=info msg="__K6_PERF_WORST__{\"ms\":1130.6032,\"durationMs\":1130.6032,\"module\":\"full-platform\",\"method\":\"POST\",\"endpoint\":\"/api/v1/cashflows/{cashflowId}/financial/expense\",\"script\":\"unknown\",\"scenario\":\"fp_orchestrator\",\"userEmail\":null,\"vu\":1,\"iteration\":0,\"activeSessions\":1,\"status\":200,\"cashflowId\":null,\"clientId\":null,\"advisorId\":null,\"actualUrl\":\"https://dev-api.ibernia.it/api/v1/cashflows/6a1ee3be901fc6abfbffa47c/financial/expense\",\"correlationId\":null,\"timestamp\":\"2026-06-02T14:08:21.513Z\",\"sliceId\":null,\"throttled\":false,\"adaptiveAbortNearby\":false,\"requestContext\":{\"path\":{\"cashflows\":\"6a1ee3be901fc6abfbffa47c\"},\"query\":{},\"payloadPreview\":\"{\\\"description\\\":\\\"Household living costs (housing, utilities, food) [vol-fp1_g0_1780409265082-p0]\\\",\\\"amount\\\":{\\\"amount\\\":1900,\\\"currencySymbol\\\":\\\"Γé¼\\\"},\\\"start\\\":{\\\"age\\\":38,\\\"year\\\":2023},\\\"end\\\":{\\\"age\\\":90,\\\"year\\\":2075},\\\"isCash\\\":false,\\\"isFinance\\\":false,\\\"isDefault\\\":false,\\\"isIncomeExpenseSource\\\":false,\\\"isDisplayOnly\\\":false}\"}}" source=console
time="2026-06-02T19:08:21+05:00" level=info msg="__K6_PERF_SLOW__{\"ms\":1130.6032,\"durationMs\":1130.6032,\"module\":\"full-platform\",\"method\":\"POST\",\"endpoint\":\"/api/v1/cashflows/{cashflowId}/financial/expense\",\"script\":\"unknown\",\"scenario\":\"fp_orchestrator\",\"userEmail\":null,\"vu\":1,\"iteration\":0,\"activeSessions\":1,\"status\":200,\"cashflowId\":null,\"clientId\":null,\"advisorId\":null,\"actualUrl\":\"https://dev-api.ibernia.it/api/v1/cashflows/6a1ee3be901fc6abfbffa47c/financial/expense\",\"correlationId\":null,\"timestamp\":\"2026-06-02T14:08:21.513Z\",\"sliceId\":null,\"throttled\":false,\"adaptiveAbortNearby\":false,\"requestContext\":{\"path\":{\"cashflows\":\"6a1ee3be901fc6abfbffa47c\"},\"query\":{},\"payloadPreview\":\"{\\\"description\\\":\\\"Household living costs (housing, utilities, food) [vol-fp1_g0_1780409265082-p0]\\\",\\\"amount\\\":{\\\"amount\\\":1900,\\\"currencySymbol\\\":\\\"Γé¼\\\"},\\\"start\\\":{\\\"age\\\":38,\\\"year\\\":2023},\\\"end\\\":{\\\"age\\\":90,\\\"year\\\":2075},\\\"isCash\\\":false,\\\"isFinance\\\":false,\\\"isDefault\\\":false,\\\"isIncomeExpenseSource\\\":false,\\\"isDisplayOnly\\\":false}\"}}" source=console

running (00m38.5s), 1/1 VUs, 0 complete and 0 interrupted iterations
fp_orchestrator   [   0% ] 1 VUs  00m38.4s/30m0s  0/1 shared iters
time="2026-06-02T19:08:22+05:00" level=info msg="__K6_PERF_SLOW__{\"ms\":985.9064,\"durationMs\":985.9064,\"module\":\"full-platform\",\"method\":\"POST\",\"endpoint\":\"/api/v1/cashflows/{cashflowId}/financial/expense\",\"script\":\"unknown\",\"scenario\":\"fp_orchestrator\",\"userEmail\":null,\"vu\":1,\"iteration\":0,\"activeSessions\":1,\"status\":200,\"cashflowId\":null,\"clientId\":null,\"advisorId\":null,\"actualUrl\":\"https://dev-api.ibernia.it/api/v1/cashflows/6a1ee3be901fc6abfbffa47c/financial/expense\",\"correlationId\":null,\"timestamp\":\"2026-06-02T14:08:22.507Z\",\"sliceId\":null,\"throttled\":false,\"adaptiveAbortNearby\":false,\"requestContext\":{\"path\":{\"cashflows\":\"6a1ee3be901fc6abfbffa47c\"},\"query\":{},\"payloadPreview\":\"{\\\"description\\\":\\\"Home insurance and property maintenance [vol-fp1_g0_1780409265082-p0]\\\",\\\"amount\\\":{\\\"amount\\\":228,\\\"currencySymbol\\\":\\\"Γé¼\\\"},\\\"start\\\":{\\\"age\\\":38,\\\"year\\\":2023},\\\"end\\\":{\\\"age\\\":90,\\\"year\\\":2075},\\\"isCash\\\":false,\\\"isFinance\\\":false,\\\"isDefault\\\":false,\\\"isIncomeExpenseSource\\\":false,\\\"isDisplayOnly\\\":false}\"}}" source=console

running (00m39.5s), 1/1 VUs, 0 complete and 0 interrupted iterations
fp_orchestrator   [   0% ] 1 VUs  00m39.4s/30m0s  0/1 shared iters
time="2026-06-02T19:08:23+05:00" level=info msg="__K6_PERF_WORST__{\"ms\":1033.4407,\"durationMs\":1033.4407,\"module\":\"full-platform\",\"method\":\"GET\",\"endpoint\":\"/api/v1/cashflows/{cashflowId}/financial\",\"script\":\"unknown\",\"scenario\":\"fp_orchestrator\",\"userEmail\":null,\"vu\":1,\"iteration\":0,\"activeSessions\":1,\"status\":200,\"cashflowId\":null,\"clientId\":null,\"advisorId\":null,\"actualUrl\":\"https://dev-api.ibernia.it/api/v1/cashflows/6a1ee3be901fc6abfbffa47c/financial\",\"correlationId\":null,\"timestamp\":\"2026-06-02T14:08:23.558Z\",\"sliceId\":null,\"throttled\":false,\"adaptiveAbortNearby\":false,\"requestContext\":{\"path\":{\"cashflows\":\"6a1ee3be901fc6abfbffa47c\"},\"query\":{},\"payloadPreview\":null}}" source=console
time="2026-06-02T19:08:23+05:00" level=info msg="__K6_PERF_SLOW__{\"ms\":1033.4407,\"durationMs\":1033.4407,\"module\":\"full-platform\",\"method\":\"GET\",\"endpoint\":\"/api/v1/cashflows/{cashflowId}/financial\",\"script\":\"unknown\",\"scenario\":\"fp_orchestrator\",\"userEmail\":null,\"vu\":1,\"iteration\":0,\"activeSessions\":1,\"status\":200,\"cashflowId\":null,\"clientId\":null,\"advisorId\":null,\"actualUrl\":\"https://dev-api.ibernia.it/api/v1/cashflows/6a1ee3be901fc6abfbffa47c/financial\",\"correlationId\":null,\"timestamp\":\"2026-06-02T14:08:23.558Z\",\"sliceId\":null,\"throttled\":false,\"adaptiveAbortNearby\":false,\"requestContext\":{\"path\":{\"cashflows\":\"6a1ee3be901fc6abfbffa47c\"},\"query\":{},\"payloadPreview\":null}}" source=console

running (00m40.5s), 1/1 VUs, 0 complete and 0 interrupted iterations
fp_orchestrator   [   0% ] 1 VUs  00m40.4s/30m0s  0/1 shared iters
time="2026-06-02T19:08:24+05:00" level=info msg="__K6_PERF_WORST__{\"ms\":482.6294,\"durationMs\":482.6294,\"module\":\"full-platform\",\"method\":\"GET\",\"endpoint\":\"/api/v1/cashflows/{cashflowId}\",\"script\":\"unknown\",\"scenario\":\"fp_orchestrator\",\"userEmail\":null,\"vu\":1,\"iteration\":0,\"activeSessions\":1,\"status\":200,\"cashflowId\":null,\"clientId\":null,\"advisorId\":null,\"actualUrl\":\"https://dev-api.ibernia.it/api/v1/cashflows/6a1ee3be901fc6abfbffa47c\",\"correlationId\":null,\"timestamp\":\"2026-06-02T14:08:24.052Z\",\"sliceId\":null,\"throttled\":false,\"adaptiveAbortNearby\":false,\"requestContext\":{\"path\":{\"cashflows\":\"6a1ee3be901fc6abfbffa47c\"},\"query\":{},\"payloadPreview\":null}}" source=console
time="2026-06-02T19:08:24+05:00" level=info msg="__K6_PERF_SLOW__{\"ms\":482.6294,\"durationMs\":482.6294,\"module\":\"full-platform\",\"method\":\"GET\",\"endpoint\":\"/api/v1/cashflows/{cashflowId}\",\"script\":\"unknown\",\"scenario\":\"fp_orchestrator\",\"userEmail\":null,\"vu\":1,\"iteration\":0,\"activeSessions\":1,\"status\":200,\"cashflowId\":null,\"clientId\":null,\"advisorId\":null,\"actualUrl\":\"https://dev-api.ibernia.it/api/v1/cashflows/6a1ee3be901fc6abfbffa47c\",\"correlationId\":null,\"timestamp\":\"2026-06-02T14:08:24.052Z\",\"sliceId\":null,\"throttled\":false,\"adaptiveAbortNearby\":false,\"requestContext\":{\"path\":{\"cashflows\":\"6a1ee3be901fc6abfbffa47c\"},\"query\":{},\"payloadPreview\":null}}" source=console

running (00m41.5s), 1/1 VUs, 0 complete and 0 interrupted iterations
fp_orchestrator   [   0% ] 1 VUs  00m41.4s/30m0s  0/1 shared iters
time="2026-06-02T19:08:25+05:00" level=info msg="__K6_PERF_WORST__{\"ms\":1033.2653,\"durationMs\":1033.2653,\"module\":\"full-platform\",\"method\":\"POST\",\"endpoint\":\"/api/v1/wealth/{cashflowId}/assets\",\"script\":\"unknown\",\"scenario\":\"fp_orchestrator\",\"userEmail\":null,\"vu\":1,\"iteration\":0,\"activeSessions\":1,\"status\":200,\"cashflowId\":null,\"clientId\":null,\"advisorId\":null,\"actualUrl\":\"https://dev-api.ibernia.it/api/v1/wealth/6a1ee3be901fc6abfbffa47c/assets\",\"correlationId\":null,\"timestamp\":\"2026-06-02T14:08:25.090Z\",\"sliceId\":null,\"throttled\":false,\"adaptiveAbortNearby\":false,\"requestContext\":{\"path\":{\"wealth\":\"6a1ee3be901fc6abfbffa47c\"},\"query\":{},\"payloadPreview\":\"{\\\"category\\\":2,\\\"name\\\":\\\"Global equity ETF portfolio\\\",\\\"description\\\":\\\"Diversified MSCI World tracker in tax-advantaged wrapper ΓÇö Matteo Russo [vol-fp1_g0_1780409265082-p0]\\\",\\\"value\\\":86206,\\\"ownership\\\":0}\"}}" source=console
time="2026-06-02T19:08:25+05:00" level=info msg="__K6_PERF_SLOW__{\"ms\":1033.2653,\"durationMs\":1033.2653,\"module\":\"full-platform\",\"method\":\"POST\",\"endpoint\":\"/api/v1/wealth/{cashflowId}/assets\",\"script\":\"unknown\",\"scenario\":\"fp_orchestrator\",\"userEmail\":null,\"vu\":1,\"iteration\":0,\"activeSessions\":1,\"status\":200,\"cashflowId\":null,\"clientId\":null,\"advisorId\":null,\"actualUrl\":\"https://dev-api.ibernia.it/api/v1/wealth/6a1ee3be901fc6abfbffa47c/assets\",\"correlationId\":null,\"timestamp\":\"2026-06-02T14:08:25.090Z\",\"sliceId\":null,\"throttled\":false,\"adaptiveAbortNearby\":false,\"requestContext\":{\"path\":{\"wealth\":\"6a1ee3be901fc6abfbffa47c\"},\"query\":{},\"payloadPreview\":\"{\\\"category\\\":2,\\\"name\\\":\\\"Global equity ETF portfolio\\\",\\\"description\\\":\\\"Diversified MSCI World tracker in tax-advantaged wrapper ΓÇö Matteo Russo [vol-fp1_g0_1780409265082-p0]\\\",\\\"value\\\":86206,\\\"ownership\\\":0}\"}}" source=console

running (00m42.5s), 1/1 VUs, 0 complete and 0 interrupted iterations
fp_orchestrator   [   0% ] 1 VUs  00m42.4s/30m0s  0/1 shared iters
time="2026-06-02T19:08:26+05:00" level=info msg="__K6_PERF_WORST__{\"ms\":945.4309,\"durationMs\":945.4309,\"module\":\"full-platform\",\"method\":\"POST\",\"endpoint\":\"/api/v1/wealth/{cashflowId}/liabilities\",\"script\":\"unknown\",\"scenario\":\"fp_orchestrator\",\"userEmail\":null,\"vu\":1,\"iteration\":0,\"activeSessions\":1,\"status\":200,\"cashflowId\":null,\"clientId\":null,\"advisorId\":null,\"actualUrl\":\"https://dev-api.ibernia.it/api/v1/wealth/6a1ee3be901fc6abfbffa47c/liabilities\",\"correlationId\":null,\"timestamp\":\"2026-06-02T14:08:26.206Z\",\"sliceId\":null,\"throttled\":false,\"adaptiveAbortNearby\":false,\"requestContext\":{\"path\":{\"wealth\":\"6a1ee3be901fc6abfbffa47c\"},\"query\":{},\"payloadPreview\":\"{\\\"type\\\":\\\"Mortgage\\\",\\\"name\\\":\\\"Primary residence mortgage\\\",\\\"description\\\":\\\"Fixed-rate home loan on main residence ΓÇö Matteo Russo [vol-fp1_g0_1780409265082-p0]\\\",\\\"outstanding\\\":147206,\\\"ownership\\\":0}\"}}" source=console
time="2026-06-02T19:08:26+05:00" level=info msg="__K6_PERF_SLOW__{\"ms\":945.4309,\"durationMs\":945.4309,\"module\":\"full-platform\",\"method\":\"POST\",\"endpoint\":\"/api/v1/wealth/{cashflowId}/liabilities\",\"script\":\"unknown\",\"scenario\":\"fp_orchestrator\",\"userEmail\":null,\"vu\":1,\"iteration\":0,\"activeSessions\":1,\"status\":200,\"cashflowId\":null,\"clientId\":null,\"advisorId\":null,\"actualUrl\":\"https://dev-api.ibernia.it/api/v1/wealth/6a1ee3be901fc6abfbffa47c/liabilities\",\"correlationId\":null,\"timestamp\":\"2026-06-02T14:08:26.206Z\",\"sliceId\":null,\"throttled\":false,\"adaptiveAbortNearby\":false,\"requestContext\":{\"path\":{\"wealth\":\"6a1ee3be901fc6abfbffa47c\"},\"query\":{},\"payloadPreview\":\"{\\\"type\\\":\\\"Mortgage\\\",\\\"name\\\":\\\"Primary residence mortgage\\\",\\\"description\\\":\\\"Fixed-rate home loan on main residence ΓÇö Matteo Russo [vol-fp1_g0_1780409265082-p0]\\\",\\\"outstanding\\\":147206,\\\"ownership\\\":0}\"}}" source=console

running (00m43.5s), 1/1 VUs, 0 complete and 0 interrupted iterations
fp_orchestrator   [   0% ] 1 VUs  00m43.4s/30m0s  0/1 shared iters
time="2026-06-02T19:08:27+05:00" level=info msg="__K6_PERF_WORST__{\"ms\":818.48,\"durationMs\":818.48,\"module\":\"full-platform\",\"method\":\"GET\",\"endpoint\":\"/api/v1/wealth/{cashflowId}\",\"script\":\"unknown\",\"scenario\":\"fp_orchestrator\",\"userEmail\":null,\"vu\":1,\"iteration\":0,\"activeSessions\":1,\"status\":200,\"cashflowId\":null,\"clientId\":null,\"advisorId\":null,\"actualUrl\":\"https://dev-api.ibernia.it/api/v1/wealth/6a1ee3be901fc6abfbffa47c\",\"correlationId\":null,\"timestamp\":\"2026-06-02T14:08:27.178Z\",\"sliceId\":null,\"throttled\":false,\"adaptiveAbortNearby\":false,\"requestContext\":{\"path\":{\"wealth\":\"6a1ee3be901fc6abfbffa47c\"},\"query\":{},\"payloadPreview\":null}}" source=console
time="2026-06-02T19:08:27+05:00" level=info msg="__K6_PERF_SLOW__{\"ms\":818.48,\"durationMs\":818.48,\"module\":\"full-platform\",\"method\":\"GET\",\"endpoint\":\"/api/v1/wealth/{cashflowId}\",\"script\":\"unknown\",\"scenario\":\"fp_orchestrator\",\"userEmail\":null,\"vu\":1,\"iteration\":0,\"activeSessions\":1,\"status\":200,\"cashflowId\":null,\"clientId\":null,\"advisorId\":null,\"actualUrl\":\"https://dev-api.ibernia.it/api/v1/wealth/6a1ee3be901fc6abfbffa47c\",\"correlationId\":null,\"timestamp\":\"2026-06-02T14:08:27.178Z\",\"sliceId\":null,\"throttled\":false,\"adaptiveAbortNearby\":false,\"requestContext\":{\"path\":{\"wealth\":\"6a1ee3be901fc6abfbffa47c\"},\"query\":{},\"payloadPreview\":null}}" source=console
time="2026-06-02T19:08:27+05:00" level=info msg="__K6_PERF_WORST__{\"ms\":333.0386,\"durationMs\":333.0386,\"module\":\"full-platform\",\"method\":\"GET\",\"endpoint\":\"/api/v1/cashflows/{cashflowId}/funds\",\"script\":\"unknown\",\"scenario\":\"fp_orchestrator\",\"userEmail\":null,\"vu\":1,\"iteration\":0,\"activeSessions\":1,\"status\":200,\"cashflowId\":null,\"clientId\":null,\"advisorId\":null,\"actualUrl\":\"https://dev-api.ibernia.it/api/v1/cashflows/6a1ee3be901fc6abfbffa47c/funds\",\"correlationId\":null,\"timestamp\":\"2026-06-02T14:08:27.515Z\",\"sliceId\":null,\"throttled\":false,\"adaptiveAbortNearby\":false,\"requestContext\":{\"path\":{\"cashflows\":\"6a1ee3be901fc6abfbffa47c\"},\"query\":{},\"payloadPreview\":null}}" source=console
time="2026-06-02T19:08:27+05:00" level=info msg="__K6_PERF_SLOW__{\"ms\":333.0386,\"durationMs\":333.0386,\"module\":\"full-platform\",\"method\":\"GET\",\"endpoint\":\"/api/v1/cashflows/{cashflowId}/funds\",\"script\":\"unknown\",\"scenario\":\"fp_orchestrator\",\"userEmail\":null,\"vu\":1,\"iteration\":0,\"activeSessions\":1,\"status\":200,\"cashflowId\":null,\"clientId\":null,\"advisorId\":null,\"actualUrl\":\"https://dev-api.ibernia.it/api/v1/cashflows/6a1ee3be901fc6abfbffa47c/funds\",\"correlationId\":null,\"timestamp\":\"2026-06-02T14:08:27.515Z\",\"sliceId\":null,\"throttled\":false,\"adaptiveAbortNearby\":false,\"requestContext\":{\"path\":{\"cashflows\":\"6a1ee3be901fc6abfbffa47c\"},\"query\":{},\"payloadPreview\":null}}" source=console

running (00m44.5s), 1/1 VUs, 0 complete and 0 interrupted iterations
fp_orchestrator   [   0% ] 1 VUs  00m44.4s/30m0s  0/1 shared iters
time="2026-06-02T19:08:28+05:00" level=info msg="__K6_PERF_WORST__{\"ms\":592.0199,\"durationMs\":592.0199,\"module\":\"full-platform\",\"method\":\"POST\",\"endpoint\":\"/api/v1/cashflows/{cashflowId}/funds/contributions\",\"script\":\"unknown\",\"scenario\":\"fp_orchestrator\",\"userEmail\":null,\"vu\":1,\"iteration\":0,\"activeSessions\":1,\"status\":200,\"cashflowId\":null,\"clientId\":null,\"advisorId\":null,\"actualUrl\":\"https://dev-api.ibernia.it/api/v1/cashflows/6a1ee3be901fc6abfbffa47c/funds/contributions\",\"correlationId\":null,\"timestamp\":\"2026-06-02T14:08:28.111Z\",\"sliceId\":null,\"throttled\":false,\"adaptiveAbortNearby\":false,\"requestContext\":{\"path\":{\"cashflows\":\"6a1ee3be901fc6abfbffa47c\"},\"query\":{},\"payloadPreview\":\"{\\\"description\\\":\\\"Monthly pension contribution ΓÇö Matteo Russo [vol-fp1_g0_1780409265082-p0]\\\",\\\"amount\\\":{\\\"amount\\\":456,\\\"currencySymbol\\\":\\\"Γé¼\\\"},\\\"start\\\":{\\\"age\\\":37,\\\"year\\\":2022},\\\"end\\\":{\\\"age\\\":65,\\\"year\\\":2050},\\\"contributionType\\\":1,\\\"associatedSavingPotId\\\":\\\"6a1ee3d8901fc6abfbffb253\\\"}\"}}" source=console
time="2026-06-02T19:08:28+05:00" level=info msg="__K6_PERF_SLOW__{\"ms\":592.0199,\"durationMs\":592.0199,\"module\":\"full-platform\",\"method\":\"POST\",\"endpoint\":\"/api/v1/cashflows/{cashflowId}/funds/contributions\",\"script\":\"unknown\",\"scenario\":\"fp_orchestrator\",\"userEmail\":null,\"vu\":1,\"iteration\":0,\"activeSessions\":1,\"status\":200,\"cashflowId\":null,\"clientId\":null,\"advisorId\":null,\"actualUrl\":\"https://dev-api.ibernia.it/api/v1/cashflows/6a1ee3be901fc6abfbffa47c/funds/contributions\",\"correlationId\":null,\"timestamp\":\"2026-06-02T14:08:28.111Z\",\"sliceId\":null,\"throttled\":false,\"adaptiveAbortNearby\":false,\"requestContext\":{\"path\":{\"cashflows\":\"6a1ee3be901fc6abfbffa47c\"},\"query\":{},\"payloadPreview\":\"{\\\"description\\\":\\\"Monthly pension contribution ΓÇö Matteo Russo [vol-fp1_g0_1780409265082-p0]\\\",\\\"amount\\\":{\\\"amount\\\":456,\\\"currencySymbol\\\":\\\"Γé¼\\\"},\\\"start\\\":{\\\"age\\\":37,\\\"year\\\":2022},\\\"end\\\":{\\\"age\\\":65,\\\"year\\\":2050},\\\"contributionType\\\":1,\\\"associatedSavingPotId\\\":\\\"6a1ee3d8901fc6abfbffb253\\\"}\"}}" source=console
time="2026-06-02T19:08:28+05:00" level=info msg="__K6_PERF_SLOW__{\"ms\":396.206,\"durationMs\":396.206,\"module\":\"full-platform\",\"method\":\"POST\",\"endpoint\":\"/api/v1/cashflows/{cashflowId}/funds/contributions\",\"script\":\"unknown\",\"scenario\":\"fp_orchestrator\",\"userEmail\":null,\"vu\":1,\"iteration\":0,\"activeSessions\":1,\"status\":200,\"cashflowId\":null,\"clientId\":null,\"advisorId\":null,\"actualUrl\":\"https://dev-api.ibernia.it/api/v1/cashflows/6a1ee3be901fc6abfbffa47c/funds/contributions\",\"correlationId\":null,\"timestamp\":\"2026-06-02T14:08:28.513Z\",\"sliceId\":null,\"throttled\":false,\"adaptiveAbortNearby\":false,\"requestContext\":{\"path\":{\"cashflows\":\"6a1ee3be901fc6abfbffa47c\"},\"query\":{},\"payloadPreview\":\"{\\\"description\\\":\\\"Annual ISA top-up (lump sum) [vol-fp1_g0_1780409265082-p0]\\\",\\\"amount\\\":{\\\"amount\\\":9500,\\\"currencySymbol\\\":\\\"Γé¼\\\"},\\\"start\\\":{\\\"age\\\":37,\\\"year\\\":2022},\\\"end\\\":{\\\"age\\\":65,\\\"year\\\":2050},\\\"contributionType\\\":2}\"}}" source=console

running (00m45.5s), 1/1 VUs, 0 complete and 0 interrupted iterations
fp_orchestrator   [   0% ] 1 VUs  00m45.4s/30m0s  0/1 shared iters
time="2026-06-02T19:08:29+05:00" level=info msg="__K6_PERF_WORST__{\"ms\":607.2801,\"durationMs\":607.2801,\"module\":\"full-platform\",\"method\":\"POST\",\"endpoint\":\"/api/v1/cashflows/{cashflowId}/funds/withdrawals\",\"script\":\"unknown\",\"scenario\":\"fp_orchestrator\",\"userEmail\":null,\"vu\":1,\"iteration\":0,\"activeSessions\":1,\"status\":200,\"cashflowId\":null,\"clientId\":null,\"advisorId\":null,\"actualUrl\":\"https://dev-api.ibernia.it/api/v1/cashflows/6a1ee3be901fc6abfbffa47c/funds/withdrawals\",\"correlationId\":null,\"timestamp\":\"2026-06-02T14:08:29.122Z\",\"sliceId\":null,\"throttled\":false,\"adaptiveAbortNearby\":false,\"requestContext\":{\"path\":{\"cashflows\":\"6a1ee3be901fc6abfbffa47c\"},\"query\":{},\"payloadPreview\":\"{\\\"description\\\":\\\"Retirement income drawdown from age 67 [vol-fp1_g0_1780409265082-p0]\\\",\\\"amount\\\":{\\\"amount\\\":1710,\\\"currencySymbol\\\":\\\"Γé¼\\\"},\\\"start\\\":{\\\"age\\\":67,\\\"year\\\":2052},\\\"end\\\":{\\\"age\\\":90,\\\"year\\\":2075},\\\"contributionType\\\":1,\\\"associatedSavingPotId\\\":\\\"6a1ee3d8901fc6abfbffb253\\\"}\"}}" source=console
time="2026-06-02T19:08:29+05:00" level=info msg="__K6_PERF_SLOW__{\"ms\":607.2801,\"durationMs\":607.2801,\"module\":\"full-platform\",\"method\":\"POST\",\"endpoint\":\"/api/v1/cashflows/{cashflowId}/funds/withdrawals\",\"script\":\"unknown\",\"scenario\":\"fp_orchestrator\",\"userEmail\":null,\"vu\":1,\"iteration\":0,\"activeSessions\":1,\"status\":200,\"cashflowId\":null,\"clientId\":null,\"advisorId\":null,\"actualUrl\":\"https://dev-api.ibernia.it/api/v1/cashflows/6a1ee3be901fc6abfbffa47c/funds/withdrawals\",\"correlationId\":null,\"timestamp\":\"2026-06-02T14:08:29.122Z\",\"sliceId\":null,\"throttled\":false,\"adaptiveAbortNearby\":false,\"requestContext\":{\"path\":{\"cashflows\":\"6a1ee3be901fc6abfbffa47c\"},\"query\":{},\"payloadPreview\":\"{\\\"description\\\":\\\"Retirement income drawdown from age 67 [vol-fp1_g0_1780409265082-p0]\\\",\\\"amount\\\":{\\\"amount\\\":1710,\\\"currencySymbol\\\":\\\"Γé¼\\\"},\\\"start\\\":{\\\"age\\\":67,\\\"year\\\":2052},\\\"end\\\":{\\\"age\\\":90,\\\"year\\\":2075},\\\"contributionType\\\":1,\\\"associatedSavingPotId\\\":\\\"6a1ee3d8901fc6abfbffb253\\\"}\"}}" source=console

running (00m46.5s), 1/1 VUs, 0 complete and 0 interrupted iterations
fp_orchestrator   [   0% ] 1 VUs  00m46.4s/30m0s  0/1 shared iters
time="2026-06-02T19:08:29+05:00" level=info msg="__K6_PERF_SLOW__{\"ms\":482.7724,\"durationMs\":482.7724,\"module\":\"full-platform\",\"method\":\"POST\",\"endpoint\":\"/api/v1/cashflows/{cashflowId}/funds/withdrawals\",\"script\":\"unknown\",\"scenario\":\"fp_orchestrator\",\"userEmail\":null,\"vu\":1,\"iteration\":0,\"activeSessions\":1,\"status\":200,\"cashflowId\":null,\"clientId\":null,\"advisorId\":null,\"actualUrl\":\"https://dev-api.ibernia.it/api/v1/cashflows/6a1ee3be901fc6abfbffa47c/funds/withdrawals\",\"correlationId\":null,\"timestamp\":\"2026-06-02T14:08:29.607Z\",\"sliceId\":null,\"throttled\":false,\"adaptiveAbortNearby\":false,\"requestContext\":{\"path\":{\"cashflows\":\"6a1ee3be901fc6abfbffa47c\"},\"query\":{},\"payloadPreview\":\"{\\\"description\\\":\\\"One-off capital withdrawal (home improvement) [vol-fp1_g0_1780409265082-p0]\\\",\\\"amount\\\":{\\\"amount\\\":11400,\\\"currencySymbol\\\":\\\"Γé¼\\\"},\\\"start\\\":{\\\"age\\\":62,\\\"year\\\":2047},\\\"end\\\":{\\\"age\\\":62,\\\"year\\\":2047},\\\"contributionType\\\":3}\"}}" source=console
time="2026-06-02T19:08:30+05:00" level=info msg="__K6_PERF_WORST__{\"ms\":600.5352,\"durationMs\":600.5352,\"module\":\"full-platform\",\"method\":\"GET\",\"endpoint\":\"/api/v1/cashflows/{cashflowId}/funds\",\"script\":\"unknown\",\"scenario\":\"fp_orchestrator\",\"userEmail\":null,\"vu\":1,\"iteration\":0,\"activeSessions\":1,\"status\":200,\"cashflowId\":null,\"clientId\":null,\"advisorId\":null,\"actualUrl\":\"https://dev-api.ibernia.it/api/v1/cashflows/6a1ee3be901fc6abfbffa47c/funds\",\"correlationId\":null,\"timestamp\":\"2026-06-02T14:08:30.217Z\",\"sliceId\":null,\"throttled\":false,\"adaptiveAbortNearby\":false,\"requestContext\":{\"path\":{\"cashflows\":\"6a1ee3be901fc6abfbffa47c\"},\"query\":{},\"payloadPreview\":null}}" source=console
time="2026-06-02T19:08:30+05:00" level=info msg="__K6_PERF_SLOW__{\"ms\":600.5352,\"durationMs\":600.5352,\"module\":\"full-platform\",\"method\":\"GET\",\"endpoint\":\"/api/v1/cashflows/{cashflowId}/funds\",\"script\":\"unknown\",\"scenario\":\"fp_orchestrator\",\"userEmail\":null,\"vu\":1,\"iteration\":0,\"activeSessions\":1,\"status\":200,\"cashflowId\":null,\"clientId\":null,\"advisorId\":null,\"actualUrl\":\"https://dev-api.ibernia.it/api/v1/cashflows/6a1ee3be901fc6abfbffa47c/funds\",\"correlationId\":null,\"timestamp\":\"2026-06-02T14:08:30.217Z\",\"sliceId\":null,\"throttled\":false,\"adaptiveAbortNearby\":false,\"requestContext\":{\"path\":{\"cashflows\":\"6a1ee3be901fc6abfbffa47c\"},\"query\":{},\"payloadPreview\":null}}" source=console
time="2026-06-02T19:08:30+05:00" level=info msg="__K6_PERF_SLOW__{\"ms\":325.7959,\"durationMs\":325.7959,\"module\":\"full-platform\",\"method\":\"GET\",\"endpoint\":\"/api/v1/cashflows/{cashflowId}\",\"script\":\"unknown\",\"scenario\":\"fp_orchestrator\",\"userEmail\":null,\"vu\":1,\"iteration\":0,\"activeSessions\":1,\"status\":200,\"cashflowId\":null,\"clientId\":null,\"advisorId\":null,\"actualUrl\":\"https://dev-api.ibernia.it/api/v1/cashflows/6a1ee3be901fc6abfbffa47c\",\"correlationId\":null,\"timestamp\":\"2026-06-02T14:08:30.560Z\",\"sliceId\":null,\"throttled\":false,\"adaptiveAbortNearby\":false,\"requestContext\":{\"path\":{\"cashflows\":\"6a1ee3be901fc6abfbffa47c\"},\"query\":{},\"payloadPreview\":null}}" source=console

running (00m47.5s), 1/1 VUs, 0 complete and 0 interrupted iterations
fp_orchestrator   [   0% ] 1 VUs  00m47.4s/30m0s  0/1 shared iters
time="2026-06-02T19:08:31+05:00" level=info msg="__K6_PERF_SLOW__{\"ms\":718.4897,\"durationMs\":718.4897,\"module\":\"full-platform\",\"method\":\"GET\",\"endpoint\":\"/api/v1/cashflows/{cashflowId}/financial\",\"script\":\"unknown\",\"scenario\":\"fp_orchestrator\",\"userEmail\":null,\"vu\":1,\"iteration\":0,\"activeSessions\":1,\"status\":200,\"cashflowId\":null,\"clientId\":null,\"advisorId\":null,\"actualUrl\":\"https://dev-api.ibernia.it/api/v1/cashflows/6a1ee3be901fc6abfbffa47c/financial\",\"correlationId\":null,\"timestamp\":\"2026-06-02T14:08:31.279Z\",\"sliceId\":null,\"throttled\":false,\"adaptiveAbortNearby\":false,\"requestContext\":{\"path\":{\"cashflows\":\"6a1ee3be901fc6abfbffa47c\"},\"query\":{},\"payloadPreview\":null}}" source=console

running (00m48.5s), 1/1 VUs, 0 complete and 0 interrupted iterations
fp_orchestrator   [   0% ] 1 VUs  00m48.4s/30m0s  0/1 shared iters
time="2026-06-02T19:08:31+05:00" level=info msg="__K6_PERF_WORST__{\"ms\":446.6778,\"durationMs\":446.6778,\"module\":\"full-platform\",\"method\":\"POST\",\"endpoint\":\"/api/v1/Reports/{cashflowId}\",\"script\":\"unknown\",\"scenario\":\"fp_orchestrator\",\"userEmail\":null,\"vu\":1,\"iteration\":0,\"activeSessions\":1,\"status\":500,\"cashflowId\":null,\"clientId\":null,\"advisorId\":null,\"actualUrl\":\"https://dev-api.ibernia.it/api/v1/Reports/6a1ee3be901fc6abfbffa47c?inflationRate=2.35\",\"correlationId\":null,\"timestamp\":\"2026-06-02T14:08:31.726Z\",\"sliceId\":null,\"throttled\":false,\"adaptiveAbortNearby\":false,\"requestContext\":{\"path\":{\"Reports\":\"6a1ee3be901fc6abfbffa47c\"},\"query\":{\"inflationRate\":\"2.35\"},\"payloadPreview\":\"{\\\"forecastStartDate\\\":\\\"2026-12-01T10:30:00.000Z\\\",\\\"forecastEndDate\\\":\\\"2047-12-01T10:30:00.000Z\\\"}\"}}" source=console
time="2026-06-02T19:08:31+05:00" level=info msg="__K6_PERF_SLOW__{\"ms\":446.6778,\"durationMs\":446.6778,\"module\":\"full-platform\",\"method\":\"POST\",\"endpoint\":\"/api/v1/Reports/{cashflowId}\",\"script\":\"unknown\",\"scenario\":\"fp_orchestrator\",\"userEmail\":null,\"vu\":1,\"iteration\":0,\"activeSessions\":1,\"status\":500,\"cashflowId\":null,\"clientId\":null,\"advisorId\":null,\"actualUrl\":\"https://dev-api.ibernia.it/api/v1/Reports/6a1ee3be901fc6abfbffa47c?inflationRate=2.35\",\"correlationId\":null,\"timestamp\":\"2026-06-02T14:08:31.726Z\",\"sliceId\":null,\"throttled\":false,\"adaptiveAbortNearby\":false,\"requestContext\":{\"path\":{\"Reports\":\"6a1ee3be901fc6abfbffa47c\"},\"query\":{\"inflationRate\":\"2.35\"},\"payloadPreview\":\"{\\\"forecastStartDate\\\":\\\"2026-12-01T10:30:00.000Z\\\",\\\"forecastEndDate\\\":\\\"2047-12-01T10:30:00.000Z\\\"}\"}}" source=console
time="2026-06-02T19:08:32+05:00" level=info msg="__K6_PERF_WORST__{\"ms\":409.279,\"durationMs\":409.279,\"module\":\"full-platform\",\"method\":\"POST\",\"endpoint\":\"/api/v1/Reports/{cashflowId}/scenario\",\"script\":\"unknown\",\"scenario\":\"fp_orchestrator\",\"userEmail\":null,\"vu\":1,\"iteration\":0,\"activeSessions\":1,\"status\":500,\"cashflowId\":null,\"clientId\":null,\"advisorId\":null,\"actualUrl\":\"https://dev-api.ibernia.it/api/v1/Reports/6a1ee3be901fc6abfbffa47c/scenario\",\"correlationId\":null,\"timestamp\":\"2026-06-02T14:08:32.140Z\",\"sliceId\":null,\"throttled\":false,\"adaptiveAbortNearby\":false,\"requestContext\":{\"path\":{\"Reports\":\"6a1ee3be901fc6abfbffa47c\"},\"query\":{},\"payloadPreview\":\"{\\\"forecastStartDate\\\":\\\"2026-12-01T10:30:00.000Z\\\",\\\"forecastEndDate\\\":\\\"2047-12-01T10:30:00.000Z\\\",\\\"inflationRate\\\":3.1}\"}}" source=console
time="2026-06-02T19:08:32+05:00" level=info msg="__K6_PERF_SLOW__{\"ms\":409.279,\"durationMs\":409.279,\"module\":\"full-platform\",\"method\":\"POST\",\"endpoint\":\"/api/v1/Reports/{cashflowId}/scenario\",\"script\":\"unknown\",\"scenario\":\"fp_orchestrator\",\"userEmail\":null,\"vu\":1,\"iteration\":0,\"activeSessions\":1,\"status\":500,\"cashflowId\":null,\"clientId\":null,\"advisorId\":null,\"actualUrl\":\"https://dev-api.ibernia.it/api/v1/Reports/6a1ee3be901fc6abfbffa47c/scenario\",\"correlationId\":null,\"timestamp\":\"2026-06-02T14:08:32.140Z\",\"sliceId\":null,\"throttled\":false,\"adaptiveAbortNearby\":false,\"requestContext\":{\"path\":{\"Reports\":\"6a1ee3be901fc6abfbffa47c\"},\"query\":{},\"payloadPreview\":\"{\\\"forecastStartDate\\\":\\\"2026-12-01T10:30:00.000Z\\\",\\\"forecastEndDate\\\":\\\"2047-12-01T10:30:00.000Z\\\",\\\"inflationRate\\\":3.1}\"}}" source=console
time="2026-06-02T19:08:32+05:00" level=info msg="__K6_PERF_WORST__{\"ms\":413.9272,\"durationMs\":413.9272,\"module\":\"full-platform\",\"method\":\"GET\",\"endpoint\":\"/api/v1/Reports/{cashflowId}\",\"script\":\"unknown\",\"scenario\":\"fp_orchestrator\",\"userEmail\":null,\"vu\":1,\"iteration\":0,\"activeSessions\":1,\"status\":500,\"cashflowId\":null,\"clientId\":null,\"advisorId\":null,\"actualUrl\":\"https://dev-api.ibernia.it/api/v1/Reports/6a1ee3be901fc6abfbffa47c?inflationRate=2.35\",\"correlationId\":null,\"timestamp\":\"2026-06-02T14:08:32.556Z\",\"sliceId\":null,\"throttled\":false,\"adaptiveAbortNearby\":false,\"requestContext\":{\"path\":{\"Reports\":\"6a1ee3be901fc6abfbffa47c\"},\"query\":{\"inflationRate\":\"2.35\"},\"payloadPreview\":null}}" source=console
time="2026-06-02T19:08:32+05:00" level=info msg="__K6_PERF_SLOW__{\"ms\":413.9272,\"durationMs\":413.9272,\"module\":\"full-platform\",\"method\":\"GET\",\"endpoint\":\"/api/v1/Reports/{cashflowId}\",\"script\":\"unknown\",\"scenario\":\"fp_orchestrator\",\"userEmail\":null,\"vu\":1,\"iteration\":0,\"activeSessions\":1,\"status\":500,\"cashflowId\":null,\"clientId\":null,\"advisorId\":null,\"actualUrl\":\"https://dev-api.ibernia.it/api/v1/Reports/6a1ee3be901fc6abfbffa47c?inflationRate=2.35\",\"correlationId\":null,\"timestamp\":\"2026-06-02T14:08:32.556Z\",\"sliceId\":null,\"throttled\":false,\"adaptiveAbortNearby\":false,\"requestContext\":{\"path\":{\"Reports\":\"6a1ee3be901fc6abfbffa47c\"},\"query\":{\"inflationRate\":\"2.35\"},\"payloadPreview\":null}}" source=console
time="2026-06-02T19:08:32+05:00" level=info msg="PHASE_A_MANIFEST_SHARD:{\"reportType\":\"phase-a-manifest-shard\",\"generatedAt\":\"2026-06-02T14:08:32.559Z\",\"runTag\":\"S1-write-realistic-v3\",\"shardId\":\"advisor-04\",\"scenario\":\"S1\",\"runId\":\"S1-write-realistic-v3\",\"advisorIndex\":4,\"advisorSub\":\"2b9a7110-ef78-484d-a588-490f261bc699\",\"advisorEmail\":\"User05@gmail.com\",\"vu\":1,\"iteration\":0,\"clients\":[{\"clientId\":\"6a1ee3ba901fc6abfbffa284\",\"uniqueTag\":\"fp1_g0_1780409265082\",\"cashflows\":[{\"cashflowId\":\"6a1ee3be901fc6abfbffa47c\",\"planName\":\"Early career wealth plan\"}]}],\"counts\":{\"clients\":1,\"plans\":1}}" source=console
time="2026-06-02T19:08:32+05:00" level=error msg="Error: [volume-signoff] could not open volume-api-slo.json\n\tat openSignoffJsonWithFallbacks (file:///C:/Users/gulle/source/repos/load-testing-k6/lib/volume-signoff-k6.js:66:9(160))\n\tat getSignoffConfig (file:///C:/Users/gulle/source/repos/load-testing-k6/lib/volume-signoff-k6.js:72:53(20))\n\tat buildVolumeSignoffShardPayload (file:///C:/Users/gulle/source/repos/load-testing-k6/lib/volume-signoff-k6.js:113:34(8))\n\tat emitVolumeSignoffShardMarker (file:///C:/Users/gulle/source/repos/load-testing-k6/lib/volume-signoff-k6.js:140:47(18))\n\tat default (file:///C:/Users/gulle/source/repos/load-testing-k6/k6/full-platform/k6-full-platform-orchestrator.js:560:31(403))\n" executor=shared-iterations scenario=fp_orchestrator source=stacktrace
time="2026-06-02T19:08:32+05:00" level=warning msg="[volume-slo] scenarios file unavailable (../../config/volume-scenarios.json); using inline default." source=console
time="2026-06-02T19:08:32+05:00" level=info msg="[volume-slo] export phase=A shardId=advisor-04 path=reports/phase-a/S1-write-realistic-v3/slo-shards/slo-advisor-04.json endpointSamples=0 stepSamples=0 endpointViolationRate=n/a stepViolationRate=n/a gate=n/a" source=console
time="2026-06-02T19:08:32+05:00" level=info msg="[volume-manifest] export shardId=advisor-04 path=reports/phase-a/S1-write-realistic-v3/manifests/shard-S1-write-realistic-v3-advisor-04.json counts.clients=0 counts.plans=0 clientRows=0 source=log-marker-expected" source=console

running (00m49.4s), 0/1 VUs, 1 complete and 0 interrupted iterations
fp_orchestrator Γ£ô [ 100% ] 1 VUs  00m49.3s/30m0s  1/1 shared iters
time="2026-06-02T19:08:33+05:00" level=error msg="thresholds on metrics 'checks' have been crossed"
