
         /\      Grafana   /ΓÇ╛ΓÇ╛/  
    /\  /  \     |\  __   /  /   
   /  \/    \    | |/ /  /   ΓÇ╛ΓÇ╛\ 
  /          \   |   (  |  (ΓÇ╛)  |
 / __________ \  |_|\_\  \_____/ 


     execution: local
        script: k6/full-platform/k6-full-platform-orchestrator.js
        output: -

     scenarios: (100.00%) 1 scenario, 1 max VUs, 30m30s max duration (incl. graceful stop):
              * fp_orchestrator: 1 iterations shared among 1 VUs (maxDuration: 30m0s, gracefulStop: 30s)

time="2026-06-02T19:07:43+05:00" level=info msg="[k6-full-platform-orchestrator] API=https://dev-api.ibernia.it IDENTITY=https://dev-identity.ibernia.it HTML_SIGNUP=false VUS=1 USER_COUNT=1" source=console
time="2026-06-02T19:07:43+05:00" level=info msg="[k6-full-platform-orchestrator] PHASE_A_SINGLE_EXECUTION=1 loadModeEnv=vus (env ignored) effective_executor=unknown vus=undefined iterations=undefined maxDuration=n/a" source=console
time="2026-06-02T19:07:43+05:00" level=info msg="[k6-full-platform-orchestrator] PHASE_A_SHARD_ID=advisor-19" source=console
time="2026-06-02T19:07:43+05:00" level=warning msg="[volume-slo] scenarios file unavailable (../../config/volume-scenarios.json); using inline default." source=console
time="2026-06-02T19:07:43+05:00" level=info msg="[k6-full-platform-orchestrator] VOLUME_SLO=1 profile=write gate=false scenario=S1 runId=S1-write-realistic-v3 config=../../config/volume-api-slo.json clientsPerAdvisor=1 plansPerClient=1 manifest=true skipTeardown=true preRunCleanup=true preRunCleanupAll=true" source=console
time="2026-06-02T19:07:43+05:00" level=info msg="[k6-full-platform-orchestrator] user pool=1 rows (USE_USER_POOL=false sticky_vu=true)" source=console
time="2026-06-02T19:07:43+05:00" level=warning msg="Error from API server" error="listen tcp 127.0.0.1:6565: bind: Only one usage of each socket address (protocol/network address/port) is normally permitted."

running (00m00.9s), 1/1 VUs, 0 complete and 0 interrupted iterations
fp_orchestrator   [   0% ] 1 VUs  00m00.5s/30m0s  0/1 shared iters

running (00m01.9s), 1/1 VUs, 0 complete and 0 interrupted iterations
fp_orchestrator   [   0% ] 1 VUs  00m01.5s/30m0s  0/1 shared iters
time="2026-06-02T19:07:44+05:00" level=info msg="[volume-manifest] init shardId=advisor-19 runTag=S1-write-realistic-v3 advisorSub=8966f0dd-4d47-445e-abae-4d01ffb37434 advisorEmail=User20@gmail.com vu=1 iteration=0" source=console
time="2026-06-02T19:07:44+05:00" level=warning msg="[volume-slo] scenarios file unavailable (../../config/volume-scenarios.json); using inline default." source=console

running (00m02.9s), 1/1 VUs, 0 complete and 0 interrupted iterations
fp_orchestrator   [   0% ] 1 VUs  00m02.5s/30m0s  0/1 shared iters

running (00m03.9s), 1/1 VUs, 0 complete and 0 interrupted iterations
fp_orchestrator   [   0% ] 1 VUs  00m03.5s/30m0s  0/1 shared iters

running (00m04.9s), 1/1 VUs, 0 complete and 0 interrupted iterations
fp_orchestrator   [   0% ] 1 VUs  00m04.5s/30m0s  0/1 shared iters

running (00m05.9s), 1/1 VUs, 0 complete and 0 interrupted iterations
fp_orchestrator   [   0% ] 1 VUs  00m05.5s/30m0s  0/1 shared iters

running (00m06.9s), 1/1 VUs, 0 complete and 0 interrupted iterations
fp_orchestrator   [   0% ] 1 VUs  00m06.5s/30m0s  0/1 shared iters

running (00m07.9s), 1/1 VUs, 0 complete and 0 interrupted iterations
fp_orchestrator   [   0% ] 1 VUs  00m07.5s/30m0s  0/1 shared iters

running (00m08.9s), 1/1 VUs, 0 complete and 0 interrupted iterations
fp_orchestrator   [   0% ] 1 VUs  00m08.5s/30m0s  0/1 shared iters

running (00m09.9s), 1/1 VUs, 0 complete and 0 interrupted iterations
fp_orchestrator   [   0% ] 1 VUs  00m09.5s/30m0s  0/1 shared iters
time="2026-06-02T19:07:53+05:00" level=info msg="[volume-cleanup] pre-run purge advisorSub=8966f0dd-4d47-445e-abae-4d01ffb37434 mode=all matched=3 deletedClients=3 deletedPlans=3 listOk=true" source=console
time="2026-06-02T19:07:53+05:00" level=info msg="__K6_PERF_WORST__{\"ms\":287.9082,\"durationMs\":287.9082,\"module\":\"full-platform\",\"method\":\"POST\",\"endpoint\":\"/api/v1/Clients\",\"script\":\"unknown\",\"scenario\":\"fp_orchestrator\",\"userEmail\":null,\"vu\":1,\"iteration\":0,\"activeSessions\":1,\"status\":201,\"cashflowId\":null,\"clientId\":null,\"advisorId\":null,\"actualUrl\":\"https://dev-api.ibernia.it/api/v1/Clients\",\"correlationId\":null,\"timestamp\":\"2026-06-02T14:07:53.313Z\",\"sliceId\":null,\"throttled\":false,\"adaptiveAbortNearby\":false,\"requestContext\":{\"path\":{},\"query\":{},\"payloadPreview\":\"{\\\"ClientDetails\\\":{\\\"FirstName\\\":\\\"Francesca\\\",\\\"LastName\\\":\\\"Gallo-fp1_g0_1780409264893\\\",\\\"BirthDate\\\":\\\"1985-06-15T00:00:00.000Z\\\",\\\"PreferredCurrency\\\":\\\"EUR\\\",\\\"Country\\\":\\\"IT\\\",\\\"InflationRate\\\":2.5,\\\"Email\\\":\\\"francesca.gallo.fp1_g0_1780409264893@example.com\\\",\\\"Phone\\\":\\\"+39000000000\\\"},\\\"PartnerDetail\\\":null,\\\"FinancialAdvisor\\\":{\\\"AdvisorId\\\":\\\"8966f0dd-4d47-445e-abae-4d01ffb37434\\\",\\\"AdvisorName\\\":\\\"LoadFirst20 LoadLast20\\\"},\\\"LastUpdated\\\":\\\"2026-06-02T14:07:53.020Z\\\",\\\"Notes\\\":\\\"k6 lifecycle fp1_g0_1780409264893 no-partner=1\\\"}\"}}" source=console

running (00m10.9s), 1/1 VUs, 0 complete and 0 interrupted iterations
fp_orchestrator   [   0% ] 1 VUs  00m10.5s/30m0s  0/1 shared iters
time="2026-06-02T19:07:54+05:00" level=info msg="__K6_PERF_WORST__{\"ms\":676.8013,\"durationMs\":676.8013,\"module\":\"full-platform\",\"method\":\"GET\",\"endpoint\":\"/api/v1/Clients/{id}\",\"script\":\"unknown\",\"scenario\":\"fp_orchestrator\",\"userEmail\":null,\"vu\":1,\"iteration\":0,\"activeSessions\":1,\"status\":200,\"cashflowId\":null,\"clientId\":null,\"advisorId\":null,\"actualUrl\":\"https://dev-api.ibernia.it/api/v1/Clients/6a1ee3b9901fc6abfbffa239\",\"correlationId\":null,\"timestamp\":\"2026-06-02T14:07:54.000Z\",\"sliceId\":null,\"throttled\":false,\"adaptiveAbortNearby\":false,\"requestContext\":{\"path\":{\"Clients\":\"6a1ee3b9901fc6abfbffa239\"},\"query\":{},\"payloadPreview\":null}}" source=console
time="2026-06-02T19:07:54+05:00" level=info msg="__K6_PERF_SLOW__{\"ms\":676.8013,\"durationMs\":676.8013,\"module\":\"full-platform\",\"method\":\"GET\",\"endpoint\":\"/api/v1/Clients/{id}\",\"script\":\"unknown\",\"scenario\":\"fp_orchestrator\",\"userEmail\":null,\"vu\":1,\"iteration\":0,\"activeSessions\":1,\"status\":200,\"cashflowId\":null,\"clientId\":null,\"advisorId\":null,\"actualUrl\":\"https://dev-api.ibernia.it/api/v1/Clients/6a1ee3b9901fc6abfbffa239\",\"correlationId\":null,\"timestamp\":\"2026-06-02T14:07:54.000Z\",\"sliceId\":null,\"throttled\":false,\"adaptiveAbortNearby\":false,\"requestContext\":{\"path\":{\"Clients\":\"6a1ee3b9901fc6abfbffa239\"},\"query\":{},\"payloadPreview\":null}}" source=console

running (00m11.9s), 1/1 VUs, 0 complete and 0 interrupted iterations
fp_orchestrator   [   0% ] 1 VUs  00m11.5s/30m0s  0/1 shared iters
time="2026-06-02T19:07:55+05:00" level=info msg="__K6_PERF_WORST__{\"ms\":1069.9837,\"durationMs\":1069.9837,\"module\":\"full-platform\",\"method\":\"PUT\",\"endpoint\":\"/api/v1/Clients\",\"script\":\"unknown\",\"scenario\":\"fp_orchestrator\",\"userEmail\":null,\"vu\":1,\"iteration\":0,\"activeSessions\":1,\"status\":200,\"cashflowId\":null,\"clientId\":null,\"advisorId\":null,\"actualUrl\":\"https://dev-api.ibernia.it/api/v1/Clients\",\"correlationId\":null,\"timestamp\":\"2026-06-02T14:07:55.077Z\",\"sliceId\":null,\"throttled\":false,\"adaptiveAbortNearby\":false,\"requestContext\":{\"path\":{},\"query\":{},\"payloadPreview\":\"{\\\"financialAdvisor\\\":{\\\"advisorId\\\":\\\"8966f0dd-4d47-445e-abae-4d01ffb37434\\\",\\\"advisorName\\\":\\\"LoadFirst20 LoadLast20\\\"},\\\"lastUpdated\\\":\\\"2026-06-02T14:07:53.02Z\\\",\\\"notes\\\":\\\"k6 lifecycle fp1_g0_1780409264893 no-partner=1\\\",\\\"id\\\":\\\"6a1ee3b9901fc6abfbffa239\\\",\\\"clientDetails\\\":{\\\"preferredCurrency\\\":\\\"EUR\\\",\\\"country\\\":\\\"IT\\\",\\\"inflationRate\\\":2.5,\\\"email\\\":\\\"francesca.gallo.fp1_g0_1780409264893@example.com\\\",\\\"phone\\\":\\\"+39000000000\\\",\\\"firstName\\\":\\\"Francesca\\\",\\\"lastName\\\":\\\"Gallo-fp1_g0_1780409264893\\\",\\\"birthDate\\\":\\\"1985-06-15T00:00:00Z\\\"},\\\"partnerDetΓÇª\"}}" source=console
time="2026-06-02T19:07:55+05:00" level=info msg="__K6_PERF_SLOW__{\"ms\":1069.9837,\"durationMs\":1069.9837,\"module\":\"full-platform\",\"method\":\"PUT\",\"endpoint\":\"/api/v1/Clients\",\"script\":\"unknown\",\"scenario\":\"fp_orchestrator\",\"userEmail\":null,\"vu\":1,\"iteration\":0,\"activeSessions\":1,\"status\":200,\"cashflowId\":null,\"clientId\":null,\"advisorId\":null,\"actualUrl\":\"https://dev-api.ibernia.it/api/v1/Clients\",\"correlationId\":null,\"timestamp\":\"2026-06-02T14:07:55.077Z\",\"sliceId\":null,\"throttled\":false,\"adaptiveAbortNearby\":false,\"requestContext\":{\"path\":{},\"query\":{},\"payloadPreview\":\"{\\\"financialAdvisor\\\":{\\\"advisorId\\\":\\\"8966f0dd-4d47-445e-abae-4d01ffb37434\\\",\\\"advisorName\\\":\\\"LoadFirst20 LoadLast20\\\"},\\\"lastUpdated\\\":\\\"2026-06-02T14:07:53.02Z\\\",\\\"notes\\\":\\\"k6 lifecycle fp1_g0_1780409264893 no-partner=1\\\",\\\"id\\\":\\\"6a1ee3b9901fc6abfbffa239\\\",\\\"clientDetails\\\":{\\\"preferredCurrency\\\":\\\"EUR\\\",\\\"country\\\":\\\"IT\\\",\\\"inflationRate\\\":2.5,\\\"email\\\":\\\"francesca.gallo.fp1_g0_1780409264893@example.com\\\",\\\"phone\\\":\\\"+39000000000\\\",\\\"firstName\\\":\\\"Francesca\\\",\\\"lastName\\\":\\\"Gallo-fp1_g0_1780409264893\\\",\\\"birthDate\\\":\\\"1985-06-15T00:00:00Z\\\"},\\\"partnerDetΓÇª\"}}" source=console

running (00m12.9s), 1/1 VUs, 0 complete and 0 interrupted iterations
fp_orchestrator   [   0% ] 1 VUs  00m12.5s/30m0s  0/1 shared iters

running (00m13.9s), 1/1 VUs, 0 complete and 0 interrupted iterations
fp_orchestrator   [   0% ] 1 VUs  00m13.5s/30m0s  0/1 shared iters

running (00m14.9s), 1/1 VUs, 0 complete and 0 interrupted iterations
fp_orchestrator   [   0% ] 1 VUs  00m14.5s/30m0s  0/1 shared iters

running (00m15.9s), 1/1 VUs, 0 complete and 0 interrupted iterations
fp_orchestrator   [   0% ] 1 VUs  00m15.5s/30m0s  0/1 shared iters

running (00m16.9s), 1/1 VUs, 0 complete and 0 interrupted iterations
fp_orchestrator   [   0% ] 1 VUs  00m16.5s/30m0s  0/1 shared iters
time="2026-06-02T19:08:00+05:00" level=info msg="__K6_PERF_WORST__{\"ms\":4940.098,\"durationMs\":4940.098,\"module\":\"full-platform\",\"method\":\"POST\",\"endpoint\":\"/api/v1/cashflows\",\"script\":\"unknown\",\"scenario\":\"fp_orchestrator\",\"userEmail\":null,\"vu\":1,\"iteration\":0,\"activeSessions\":1,\"status\":201,\"cashflowId\":null,\"clientId\":null,\"advisorId\":null,\"actualUrl\":\"https://dev-api.ibernia.it/api/v1/cashflows\",\"correlationId\":null,\"timestamp\":\"2026-06-02T14:08:00.027Z\",\"sliceId\":null,\"throttled\":false,\"adaptiveAbortNearby\":false,\"requestContext\":{\"path\":{},\"query\":{},\"payloadPreview\":\"{\\\"name\\\":\\\"Business owner succession plan\\\",\\\"planDuration\\\":40,\\\"inflationRate\\\":2.5,\\\"description\\\":\\\"Business owner succession plan for Pharmacist (own practice) (Francesca Gallo).\\\",\\\"clientBirthDate\\\":\\\"1985-06-15T00:00:00Z\\\",\\\"client\\\":{\\\"id\\\":\\\"6a1ee3b9901fc6abfbffa239\\\",\\\"name\\\":\\\"Francesca Gallo-fp1_g0_1780409264893\\\"},\\\"financialAdvisor\\\":{\\\"advisorId\\\":\\\"8966f0dd-4d47-445e-abae-4d01ffb37434\\\",\\\"advisorName\\\":\\\"LoadFirst20 LoadLast20\\\"}}\"}}" source=console
time="2026-06-02T19:08:00+05:00" level=info msg="__K6_PERF_SLOW__{\"ms\":4940.098,\"durationMs\":4940.098,\"module\":\"full-platform\",\"method\":\"POST\",\"endpoint\":\"/api/v1/cashflows\",\"script\":\"unknown\",\"scenario\":\"fp_orchestrator\",\"userEmail\":null,\"vu\":1,\"iteration\":0,\"activeSessions\":1,\"status\":201,\"cashflowId\":null,\"clientId\":null,\"advisorId\":null,\"actualUrl\":\"https://dev-api.ibernia.it/api/v1/cashflows\",\"correlationId\":null,\"timestamp\":\"2026-06-02T14:08:00.027Z\",\"sliceId\":null,\"throttled\":false,\"adaptiveAbortNearby\":false,\"requestContext\":{\"path\":{},\"query\":{},\"payloadPreview\":\"{\\\"name\\\":\\\"Business owner succession plan\\\",\\\"planDuration\\\":40,\\\"inflationRate\\\":2.5,\\\"description\\\":\\\"Business owner succession plan for Pharmacist (own practice) (Francesca Gallo).\\\",\\\"clientBirthDate\\\":\\\"1985-06-15T00:00:00Z\\\",\\\"client\\\":{\\\"id\\\":\\\"6a1ee3b9901fc6abfbffa239\\\",\\\"name\\\":\\\"Francesca Gallo-fp1_g0_1780409264893\\\"},\\\"financialAdvisor\\\":{\\\"advisorId\\\":\\\"8966f0dd-4d47-445e-abae-4d01ffb37434\\\",\\\"advisorName\\\":\\\"LoadFirst20 LoadLast20\\\"}}\"}}" source=console

running (00m17.9s), 1/1 VUs, 0 complete and 0 interrupted iterations
fp_orchestrator   [   0% ] 1 VUs  00m17.5s/30m0s  0/1 shared iters
time="2026-06-02T19:08:01+05:00" level=info msg="__K6_PERF_WORST__{\"ms\":1135.9018,\"durationMs\":1135.9018,\"module\":\"full-platform\",\"method\":\"GET\",\"endpoint\":\"/api/v1/Events/default\",\"script\":\"unknown\",\"scenario\":\"fp_orchestrator\",\"userEmail\":null,\"vu\":1,\"iteration\":0,\"activeSessions\":1,\"status\":200,\"cashflowId\":null,\"clientId\":null,\"advisorId\":null,\"actualUrl\":\"https://dev-api.ibernia.it/api/v1/Events/default\",\"correlationId\":null,\"timestamp\":\"2026-06-02T14:08:01.168Z\",\"sliceId\":null,\"throttled\":false,\"adaptiveAbortNearby\":false,\"requestContext\":{\"path\":{},\"query\":{},\"payloadPreview\":null}}" source=console
time="2026-06-02T19:08:01+05:00" level=info msg="__K6_PERF_SLOW__{\"ms\":1135.9018,\"durationMs\":1135.9018,\"module\":\"full-platform\",\"method\":\"GET\",\"endpoint\":\"/api/v1/Events/default\",\"script\":\"unknown\",\"scenario\":\"fp_orchestrator\",\"userEmail\":null,\"vu\":1,\"iteration\":0,\"activeSessions\":1,\"status\":200,\"cashflowId\":null,\"clientId\":null,\"advisorId\":null,\"actualUrl\":\"https://dev-api.ibernia.it/api/v1/Events/default\",\"correlationId\":null,\"timestamp\":\"2026-06-02T14:08:01.168Z\",\"sliceId\":null,\"throttled\":false,\"adaptiveAbortNearby\":false,\"requestContext\":{\"path\":{},\"query\":{},\"payloadPreview\":null}}" source=console

running (00m18.9s), 1/1 VUs, 0 complete and 0 interrupted iterations
fp_orchestrator   [   0% ] 1 VUs  00m18.5s/30m0s  0/1 shared iters
time="2026-06-02T19:08:02+05:00" level=info msg="__K6_PERF_WORST__{\"ms\":834.1921,\"durationMs\":834.1921,\"module\":\"full-platform\",\"method\":\"GET\",\"endpoint\":\"/api/v1/Events/custom\",\"script\":\"unknown\",\"scenario\":\"fp_orchestrator\",\"userEmail\":null,\"vu\":1,\"iteration\":0,\"activeSessions\":1,\"status\":200,\"cashflowId\":null,\"clientId\":null,\"advisorId\":null,\"actualUrl\":\"https://dev-api.ibernia.it/api/v1/Events/custom\",\"correlationId\":null,\"timestamp\":\"2026-06-02T14:08:02.006Z\",\"sliceId\":null,\"throttled\":false,\"adaptiveAbortNearby\":false,\"requestContext\":{\"path\":{},\"query\":{},\"payloadPreview\":null}}" source=console
time="2026-06-02T19:08:02+05:00" level=info msg="__K6_PERF_SLOW__{\"ms\":834.1921,\"durationMs\":834.1921,\"module\":\"full-platform\",\"method\":\"GET\",\"endpoint\":\"/api/v1/Events/custom\",\"script\":\"unknown\",\"scenario\":\"fp_orchestrator\",\"userEmail\":null,\"vu\":1,\"iteration\":0,\"activeSessions\":1,\"status\":200,\"cashflowId\":null,\"clientId\":null,\"advisorId\":null,\"actualUrl\":\"https://dev-api.ibernia.it/api/v1/Events/custom\",\"correlationId\":null,\"timestamp\":\"2026-06-02T14:08:02.006Z\",\"sliceId\":null,\"throttled\":false,\"adaptiveAbortNearby\":false,\"requestContext\":{\"path\":{},\"query\":{},\"payloadPreview\":null}}" source=console

running (00m19.9s), 1/1 VUs, 0 complete and 0 interrupted iterations
fp_orchestrator   [   0% ] 1 VUs  00m19.5s/30m0s  0/1 shared iters

running (00m20.9s), 1/1 VUs, 0 complete and 0 interrupted iterations
fp_orchestrator   [   0% ] 1 VUs  00m20.5s/30m0s  0/1 shared iters
time="2026-06-02T19:08:04+05:00" level=info msg="__K6_PERF_WORST__{\"ms\":2018.1353,\"durationMs\":2018.1353,\"module\":\"full-platform\",\"method\":\"POST\",\"endpoint\":\"/api/v1/cashflows/{cashflowId}/timelines/events\",\"script\":\"unknown\",\"scenario\":\"fp_orchestrator\",\"userEmail\":null,\"vu\":1,\"iteration\":0,\"activeSessions\":1,\"status\":200,\"cashflowId\":null,\"clientId\":null,\"advisorId\":null,\"actualUrl\":\"https://dev-api.ibernia.it/api/v1/cashflows/6a1ee3bb901fc6abfbffa2e8/timelines/events\",\"correlationId\":null,\"timestamp\":\"2026-06-02T14:08:04.029Z\",\"sliceId\":null,\"throttled\":false,\"adaptiveAbortNearby\":false,\"requestContext\":{\"path\":{\"cashflows\":\"6a1ee3bb901fc6abfbffa2e8\"},\"query\":{},\"payloadPreview\":\"{\\\"behaviorKey\\\":\\\"retirement_age\\\",\\\"name\\\":\\\"Retirement age\\\",\\\"type\\\":1,\\\"isDefault\\\":true,\\\"isOneOff\\\":true,\\\"isPlaceHolder\\\":false,\\\"isCash\\\":false,\\\"isFinance\\\":false,\\\"start\\\":{\\\"age\\\":67,\\\"year\\\":2052},\\\"end\\\":{\\\"age\\\":67,\\\"year\\\":2052},\\\"netAmount\\\":{\\\"amount\\\":15000,\\\"currencySymbol\\\":\\\"Γé¼\\\"}}\"}}" source=console
time="2026-06-02T19:08:04+05:00" level=info msg="__K6_PERF_SLOW__{\"ms\":2018.1353,\"durationMs\":2018.1353,\"module\":\"full-platform\",\"method\":\"POST\",\"endpoint\":\"/api/v1/cashflows/{cashflowId}/timelines/events\",\"script\":\"unknown\",\"scenario\":\"fp_orchestrator\",\"userEmail\":null,\"vu\":1,\"iteration\":0,\"activeSessions\":1,\"status\":200,\"cashflowId\":null,\"clientId\":null,\"advisorId\":null,\"actualUrl\":\"https://dev-api.ibernia.it/api/v1/cashflows/6a1ee3bb901fc6abfbffa2e8/timelines/events\",\"correlationId\":null,\"timestamp\":\"2026-06-02T14:08:04.029Z\",\"sliceId\":null,\"throttled\":false,\"adaptiveAbortNearby\":false,\"requestContext\":{\"path\":{\"cashflows\":\"6a1ee3bb901fc6abfbffa2e8\"},\"query\":{},\"payloadPreview\":\"{\\\"behaviorKey\\\":\\\"retirement_age\\\",\\\"name\\\":\\\"Retirement age\\\",\\\"type\\\":1,\\\"isDefault\\\":true,\\\"isOneOff\\\":true,\\\"isPlaceHolder\\\":false,\\\"isCash\\\":false,\\\"isFinance\\\":false,\\\"start\\\":{\\\"age\\\":67,\\\"year\\\":2052},\\\"end\\\":{\\\"age\\\":67,\\\"year\\\":2052},\\\"netAmount\\\":{\\\"amount\\\":15000,\\\"currencySymbol\\\":\\\"Γé¼\\\"}}\"}}" source=console

running (00m21.9s), 1/1 VUs, 0 complete and 0 interrupted iterations
fp_orchestrator   [   0% ] 1 VUs  00m21.5s/30m0s  0/1 shared iters
time="2026-06-02T19:08:05+05:00" level=info msg="__K6_PERF_SLOW__{\"ms\":1060.9062,\"durationMs\":1060.9062,\"module\":\"full-platform\",\"method\":\"POST\",\"endpoint\":\"/api/v1/cashflows/{cashflowId}/timelines/events\",\"script\":\"unknown\",\"scenario\":\"fp_orchestrator\",\"userEmail\":null,\"vu\":1,\"iteration\":0,\"activeSessions\":1,\"status\":200,\"cashflowId\":null,\"clientId\":null,\"advisorId\":null,\"actualUrl\":\"https://dev-api.ibernia.it/api/v1/cashflows/6a1ee3bb901fc6abfbffa2e8/timelines/events\",\"correlationId\":null,\"timestamp\":\"2026-06-02T14:08:05.102Z\",\"sliceId\":null,\"throttled\":false,\"adaptiveAbortNearby\":false,\"requestContext\":{\"path\":{\"cashflows\":\"6a1ee3bb901fc6abfbffa2e8\"},\"query\":{},\"payloadPreview\":\"{\\\"behaviorKey\\\":\\\"education\\\",\\\"name\\\":\\\"Education\\\",\\\"type\\\":2,\\\"isDefault\\\":true,\\\"isOneOff\\\":true,\\\"isPlaceHolder\\\":false,\\\"isCash\\\":false,\\\"isFinance\\\":false,\\\"start\\\":{\\\"age\\\":52,\\\"year\\\":2037},\\\"end\\\":{\\\"age\\\":52,\\\"year\\\":2037},\\\"netAmount\\\":{\\\"amount\\\":8000,\\\"currencySymbol\\\":\\\"Γé¼\\\"}}\"}}" source=console

running (00m22.9s), 1/1 VUs, 0 complete and 0 interrupted iterations
fp_orchestrator   [   0% ] 1 VUs  00m22.5s/30m0s  0/1 shared iters
time="2026-06-02T19:08:06+05:00" level=info msg="__K6_PERF_WORST__{\"ms\":998.6122,\"durationMs\":998.6122,\"module\":\"full-platform\",\"method\":\"GET\",\"endpoint\":\"/api/v1/cashflows/{cashflowId}/timelines\",\"script\":\"unknown\",\"scenario\":\"fp_orchestrator\",\"userEmail\":null,\"vu\":1,\"iteration\":0,\"activeSessions\":1,\"status\":200,\"cashflowId\":null,\"clientId\":null,\"advisorId\":null,\"actualUrl\":\"https://dev-api.ibernia.it/api/v1/cashflows/6a1ee3bb901fc6abfbffa2e8/timelines\",\"correlationId\":null,\"timestamp\":\"2026-06-02T14:08:06.112Z\",\"sliceId\":null,\"throttled\":false,\"adaptiveAbortNearby\":false,\"requestContext\":{\"path\":{\"cashflows\":\"6a1ee3bb901fc6abfbffa2e8\"},\"query\":{},\"payloadPreview\":null}}" source=console
time="2026-06-02T19:08:06+05:00" level=info msg="__K6_PERF_SLOW__{\"ms\":998.6122,\"durationMs\":998.6122,\"module\":\"full-platform\",\"method\":\"GET\",\"endpoint\":\"/api/v1/cashflows/{cashflowId}/timelines\",\"script\":\"unknown\",\"scenario\":\"fp_orchestrator\",\"userEmail\":null,\"vu\":1,\"iteration\":0,\"activeSessions\":1,\"status\":200,\"cashflowId\":null,\"clientId\":null,\"advisorId\":null,\"actualUrl\":\"https://dev-api.ibernia.it/api/v1/cashflows/6a1ee3bb901fc6abfbffa2e8/timelines\",\"correlationId\":null,\"timestamp\":\"2026-06-02T14:08:06.112Z\",\"sliceId\":null,\"throttled\":false,\"adaptiveAbortNearby\":false,\"requestContext\":{\"path\":{\"cashflows\":\"6a1ee3bb901fc6abfbffa2e8\"},\"query\":{},\"payloadPreview\":null}}" source=console

running (00m23.9s), 1/1 VUs, 0 complete and 0 interrupted iterations
fp_orchestrator   [   0% ] 1 VUs  00m23.5s/30m0s  0/1 shared iters
time="2026-06-02T19:08:07+05:00" level=info msg="__K6_PERF_WORST__{\"ms\":981.9959,\"durationMs\":981.9959,\"module\":\"full-platform\",\"method\":\"GET\",\"endpoint\":\"/api/v1/cashflows/{cashflowId}/timelines/financing\",\"script\":\"unknown\",\"scenario\":\"fp_orchestrator\",\"userEmail\":null,\"vu\":1,\"iteration\":0,\"activeSessions\":1,\"status\":200,\"cashflowId\":null,\"clientId\":null,\"advisorId\":null,\"actualUrl\":\"https://dev-api.ibernia.it/api/v1/cashflows/6a1ee3bb901fc6abfbffa2e8/timelines/financing\",\"correlationId\":null,\"timestamp\":\"2026-06-02T14:08:07.106Z\",\"sliceId\":null,\"throttled\":false,\"adaptiveAbortNearby\":false,\"requestContext\":{\"path\":{\"cashflows\":\"6a1ee3bb901fc6abfbffa2e8\"},\"query\":{},\"payloadPreview\":null}}" source=console
time="2026-06-02T19:08:07+05:00" level=info msg="__K6_PERF_SLOW__{\"ms\":981.9959,\"durationMs\":981.9959,\"module\":\"full-platform\",\"method\":\"GET\",\"endpoint\":\"/api/v1/cashflows/{cashflowId}/timelines/financing\",\"script\":\"unknown\",\"scenario\":\"fp_orchestrator\",\"userEmail\":null,\"vu\":1,\"iteration\":0,\"activeSessions\":1,\"status\":200,\"cashflowId\":null,\"clientId\":null,\"advisorId\":null,\"actualUrl\":\"https://dev-api.ibernia.it/api/v1/cashflows/6a1ee3bb901fc6abfbffa2e8/timelines/financing\",\"correlationId\":null,\"timestamp\":\"2026-06-02T14:08:07.106Z\",\"sliceId\":null,\"throttled\":false,\"adaptiveAbortNearby\":false,\"requestContext\":{\"path\":{\"cashflows\":\"6a1ee3bb901fc6abfbffa2e8\"},\"query\":{},\"payloadPreview\":null}}" source=console

running (00m24.9s), 1/1 VUs, 0 complete and 0 interrupted iterations
fp_orchestrator   [   0% ] 1 VUs  00m24.5s/30m0s  0/1 shared iters

running (00m25.9s), 1/1 VUs, 0 complete and 0 interrupted iterations
fp_orchestrator   [   0% ] 1 VUs  00m25.5s/30m0s  0/1 shared iters
time="2026-06-02T19:08:09+05:00" level=info msg="__K6_PERF_WORST__{\"ms\":2370.8791,\"durationMs\":2370.8791,\"module\":\"full-platform\",\"method\":\"GET\",\"endpoint\":\"/api/v1/cashflows/{cashflowId}/income-expense/financial\",\"script\":\"unknown\",\"scenario\":\"fp_orchestrator\",\"userEmail\":null,\"vu\":1,\"iteration\":0,\"activeSessions\":1,\"status\":200,\"cashflowId\":null,\"clientId\":null,\"advisorId\":null,\"actualUrl\":\"https://dev-api.ibernia.it/api/v1/cashflows/6a1ee3bb901fc6abfbffa2e8/income-expense/financial\",\"correlationId\":null,\"timestamp\":\"2026-06-02T14:08:09.483Z\",\"sliceId\":null,\"throttled\":false,\"adaptiveAbortNearby\":false,\"requestContext\":{\"path\":{\"cashflows\":\"6a1ee3bb901fc6abfbffa2e8\"},\"query\":{},\"payloadPreview\":null}}" source=console
time="2026-06-02T19:08:09+05:00" level=info msg="__K6_PERF_SLOW__{\"ms\":2370.8791,\"durationMs\":2370.8791,\"module\":\"full-platform\",\"method\":\"GET\",\"endpoint\":\"/api/v1/cashflows/{cashflowId}/income-expense/financial\",\"script\":\"unknown\",\"scenario\":\"fp_orchestrator\",\"userEmail\":null,\"vu\":1,\"iteration\":0,\"activeSessions\":1,\"status\":200,\"cashflowId\":null,\"clientId\":null,\"advisorId\":null,\"actualUrl\":\"https://dev-api.ibernia.it/api/v1/cashflows/6a1ee3bb901fc6abfbffa2e8/income-expense/financial\",\"correlationId\":null,\"timestamp\":\"2026-06-02T14:08:09.483Z\",\"sliceId\":null,\"throttled\":false,\"adaptiveAbortNearby\":false,\"requestContext\":{\"path\":{\"cashflows\":\"6a1ee3bb901fc6abfbffa2e8\"},\"query\":{},\"payloadPreview\":null}}" source=console

running (00m26.9s), 1/1 VUs, 0 complete and 0 interrupted iterations
fp_orchestrator   [   0% ] 1 VUs  00m26.5s/30m0s  0/1 shared iters
time="2026-06-02T19:08:10+05:00" level=info msg="__K6_PERF_WORST__{\"ms\":1130.4607,\"durationMs\":1130.4607,\"module\":\"full-platform\",\"method\":\"POST\",\"endpoint\":\"/api/v1/cashflows/{cashflowId}/financial/income\",\"script\":\"unknown\",\"scenario\":\"fp_orchestrator\",\"userEmail\":null,\"vu\":1,\"iteration\":0,\"activeSessions\":1,\"status\":200,\"cashflowId\":null,\"clientId\":null,\"advisorId\":null,\"actualUrl\":\"https://dev-api.ibernia.it/api/v1/cashflows/6a1ee3bb901fc6abfbffa2e8/financial/income\",\"correlationId\":null,\"timestamp\":\"2026-06-02T14:08:10.617Z\",\"sliceId\":null,\"throttled\":false,\"adaptiveAbortNearby\":false,\"requestContext\":{\"path\":{\"cashflows\":\"6a1ee3bb901fc6abfbffa2e8\"},\"query\":{},\"payloadPreview\":\"{\\\"description\\\":\\\"Primary salary ΓÇö Pharmacist (own practice) [vol-fp1_g0_1780409264893-p0]\\\",\\\"amount\\\":{\\\"amount\\\":5600,\\\"currencySymbol\\\":\\\"Γé¼\\\"},\\\"start\\\":{\\\"age\\\":36,\\\"year\\\":2021},\\\"end\\\":{\\\"age\\\":65,\\\"year\\\":2050},\\\"isCash\\\":false,\\\"isFinance\\\":false,\\\"isDefault\\\":false,\\\"isIncomeExpenseSource\\\":false,\\\"isDisplayOnly\\\":false}\"}}" source=console
time="2026-06-02T19:08:10+05:00" level=info msg="__K6_PERF_SLOW__{\"ms\":1130.4607,\"durationMs\":1130.4607,\"module\":\"full-platform\",\"method\":\"POST\",\"endpoint\":\"/api/v1/cashflows/{cashflowId}/financial/income\",\"script\":\"unknown\",\"scenario\":\"fp_orchestrator\",\"userEmail\":null,\"vu\":1,\"iteration\":0,\"activeSessions\":1,\"status\":200,\"cashflowId\":null,\"clientId\":null,\"advisorId\":null,\"actualUrl\":\"https://dev-api.ibernia.it/api/v1/cashflows/6a1ee3bb901fc6abfbffa2e8/financial/income\",\"correlationId\":null,\"timestamp\":\"2026-06-02T14:08:10.617Z\",\"sliceId\":null,\"throttled\":false,\"adaptiveAbortNearby\":false,\"requestContext\":{\"path\":{\"cashflows\":\"6a1ee3bb901fc6abfbffa2e8\"},\"query\":{},\"payloadPreview\":\"{\\\"description\\\":\\\"Primary salary ΓÇö Pharmacist (own practice) [vol-fp1_g0_1780409264893-p0]\\\",\\\"amount\\\":{\\\"amount\\\":5600,\\\"currencySymbol\\\":\\\"Γé¼\\\"},\\\"start\\\":{\\\"age\\\":36,\\\"year\\\":2021},\\\"end\\\":{\\\"age\\\":65,\\\"year\\\":2050},\\\"isCash\\\":false,\\\"isFinance\\\":false,\\\"isDefault\\\":false,\\\"isIncomeExpenseSource\\\":false,\\\"isDisplayOnly\\\":false}\"}}" source=console

running (00m27.9s), 1/1 VUs, 0 complete and 0 interrupted iterations
fp_orchestrator   [   0% ] 1 VUs  00m27.5s/30m0s  0/1 shared iters

running (00m28.9s), 1/1 VUs, 0 complete and 0 interrupted iterations
fp_orchestrator   [   0% ] 1 VUs  00m28.5s/30m0s  0/1 shared iters

running (00m29.9s), 1/1 VUs, 0 complete and 0 interrupted iterations
fp_orchestrator   [   0% ] 1 VUs  00m29.5s/30m0s  0/1 shared iters

running (00m30.9s), 1/1 VUs, 0 complete and 0 interrupted iterations
fp_orchestrator   [   0% ] 1 VUs  00m30.5s/30m0s  0/1 shared iters

running (00m31.9s), 1/1 VUs, 0 complete and 0 interrupted iterations
fp_orchestrator   [   0% ] 1 VUs  00m31.5s/30m0s  0/1 shared iters

running (00m32.9s), 1/1 VUs, 0 complete and 0 interrupted iterations
fp_orchestrator   [   0% ] 1 VUs  00m32.5s/30m0s  0/1 shared iters

running (00m33.9s), 1/1 VUs, 0 complete and 0 interrupted iterations
fp_orchestrator   [   0% ] 1 VUs  00m33.5s/30m0s  0/1 shared iters

running (00m34.9s), 1/1 VUs, 0 complete and 0 interrupted iterations
fp_orchestrator   [   0% ] 1 VUs  00m34.5s/30m0s  0/1 shared iters

running (00m35.9s), 1/1 VUs, 0 complete and 0 interrupted iterations
fp_orchestrator   [   0% ] 1 VUs  00m35.5s/30m0s  0/1 shared iters

running (00m36.9s), 1/1 VUs, 0 complete and 0 interrupted iterations
fp_orchestrator   [   0% ] 1 VUs  00m36.5s/30m0s  0/1 shared iters

running (00m37.9s), 1/1 VUs, 0 complete and 0 interrupted iterations
fp_orchestrator   [   0% ] 1 VUs  00m37.5s/30m0s  0/1 shared iters

running (00m38.9s), 1/1 VUs, 0 complete and 0 interrupted iterations
fp_orchestrator   [   0% ] 1 VUs  00m38.5s/30m0s  0/1 shared iters

running (00m39.9s), 1/1 VUs, 0 complete and 0 interrupted iterations
fp_orchestrator   [   0% ] 1 VUs  00m39.5s/30m0s  0/1 shared iters

running (00m40.9s), 1/1 VUs, 0 complete and 0 interrupted iterations
fp_orchestrator   [   0% ] 1 VUs  00m40.5s/30m0s  0/1 shared iters

running (00m41.9s), 1/1 VUs, 0 complete and 0 interrupted iterations
fp_orchestrator   [   0% ] 1 VUs  00m41.5s/30m0s  0/1 shared iters

running (00m42.9s), 1/1 VUs, 0 complete and 0 interrupted iterations
fp_orchestrator   [   0% ] 1 VUs  00m42.5s/30m0s  0/1 shared iters

running (00m43.9s), 1/1 VUs, 0 complete and 0 interrupted iterations
fp_orchestrator   [   0% ] 1 VUs  00m43.5s/30m0s  0/1 shared iters

running (00m44.9s), 1/1 VUs, 0 complete and 0 interrupted iterations
fp_orchestrator   [   0% ] 1 VUs  00m44.5s/30m0s  0/1 shared iters

running (00m45.9s), 1/1 VUs, 0 complete and 0 interrupted iterations
fp_orchestrator   [   0% ] 1 VUs  00m45.5s/30m0s  0/1 shared iters

running (00m46.9s), 1/1 VUs, 0 complete and 0 interrupted iterations
fp_orchestrator   [   0% ] 1 VUs  00m46.5s/30m0s  0/1 shared iters

running (00m48.0s), 1/1 VUs, 0 complete and 0 interrupted iterations
fp_orchestrator   [   0% ] 1 VUs  00m47.6s/30m0s  0/1 shared iters

running (00m48.9s), 1/1 VUs, 0 complete and 0 interrupted iterations
fp_orchestrator   [   0% ] 1 VUs  00m48.5s/30m0s  0/1 shared iters

running (00m49.9s), 1/1 VUs, 0 complete and 0 interrupted iterations
fp_orchestrator   [   0% ] 1 VUs  00m49.5s/30m0s  0/1 shared iters

running (00m50.9s), 1/1 VUs, 0 complete and 0 interrupted iterations
fp_orchestrator   [   0% ] 1 VUs  00m50.5s/30m0s  0/1 shared iters

running (00m51.9s), 1/1 VUs, 0 complete and 0 interrupted iterations
fp_orchestrator   [   0% ] 1 VUs  00m51.5s/30m0s  0/1 shared iters

running (00m52.9s), 1/1 VUs, 0 complete and 0 interrupted iterations
fp_orchestrator   [   0% ] 1 VUs  00m52.5s/30m0s  0/1 shared iters

running (00m53.9s), 1/1 VUs, 0 complete and 0 interrupted iterations
fp_orchestrator   [   0% ] 1 VUs  00m53.5s/30m0s  0/1 shared iters

running (00m54.9s), 1/1 VUs, 0 complete and 0 interrupted iterations
fp_orchestrator   [   0% ] 1 VUs  00m54.5s/30m0s  0/1 shared iters
time="2026-06-02T19:08:38+05:00" level=info msg="__K6_PERF_WORST__{\"ms\":27819.2795,\"durationMs\":27819.2795,\"module\":\"full-platform\",\"method\":\"POST\",\"endpoint\":\"/api/v1/cashflows/{cashflowId}/financial/income\",\"script\":\"unknown\",\"scenario\":\"fp_orchestrator\",\"userEmail\":null,\"vu\":1,\"iteration\":0,\"activeSessions\":1,\"status\":200,\"cashflowId\":null,\"clientId\":null,\"advisorId\":null,\"actualUrl\":\"https://dev-api.ibernia.it/api/v1/cashflows/6a1ee3bb901fc6abfbffa2e8/financial/income\",\"correlationId\":null,\"timestamp\":\"2026-06-02T14:08:38.443Z\",\"sliceId\":null,\"throttled\":false,\"adaptiveAbortNearby\":false,\"requestContext\":{\"path\":{\"cashflows\":\"6a1ee3bb901fc6abfbffa2e8\"},\"query\":{},\"payloadPreview\":\"{\\\"description\\\":\\\"Annual performance bonus (Francesca Gallo) [vol-fp1_g0_1780409264893-p0]\\\",\\\"amount\\\":{\\\"amount\\\":448,\\\"currencySymbol\\\":\\\"Γé¼\\\"},\\\"start\\\":{\\\"age\\\":36,\\\"year\\\":2021},\\\"end\\\":{\\\"age\\\":65,\\\"year\\\":2050},\\\"isCash\\\":false,\\\"isFinance\\\":false,\\\"isDefault\\\":false,\\\"isIncomeExpenseSource\\\":false,\\\"isDisplayOnly\\\":false}\"}}" source=console
time="2026-06-02T19:08:38+05:00" level=info msg="__K6_PERF_SLOW__{\"ms\":27819.2795,\"durationMs\":27819.2795,\"module\":\"full-platform\",\"method\":\"POST\",\"endpoint\":\"/api/v1/cashflows/{cashflowId}/financial/income\",\"script\":\"unknown\",\"scenario\":\"fp_orchestrator\",\"userEmail\":null,\"vu\":1,\"iteration\":0,\"activeSessions\":1,\"status\":200,\"cashflowId\":null,\"clientId\":null,\"advisorId\":null,\"actualUrl\":\"https://dev-api.ibernia.it/api/v1/cashflows/6a1ee3bb901fc6abfbffa2e8/financial/income\",\"correlationId\":null,\"timestamp\":\"2026-06-02T14:08:38.443Z\",\"sliceId\":null,\"throttled\":false,\"adaptiveAbortNearby\":false,\"requestContext\":{\"path\":{\"cashflows\":\"6a1ee3bb901fc6abfbffa2e8\"},\"query\":{},\"payloadPreview\":\"{\\\"description\\\":\\\"Annual performance bonus (Francesca Gallo) [vol-fp1_g0_1780409264893-p0]\\\",\\\"amount\\\":{\\\"amount\\\":448,\\\"currencySymbol\\\":\\\"Γé¼\\\"},\\\"start\\\":{\\\"age\\\":36,\\\"year\\\":2021},\\\"end\\\":{\\\"age\\\":65,\\\"year\\\":2050},\\\"isCash\\\":false,\\\"isFinance\\\":false,\\\"isDefault\\\":false,\\\"isIncomeExpenseSource\\\":false,\\\"isDisplayOnly\\\":false}\"}}" source=console

running (00m55.9s), 1/1 VUs, 0 complete and 0 interrupted iterations
fp_orchestrator   [   0% ] 1 VUs  00m55.5s/30m0s  0/1 shared iters
time="2026-06-02T19:08:39+05:00" level=info msg="__K6_PERF_WORST__{\"ms\":758.6987,\"durationMs\":758.6987,\"module\":\"full-platform\",\"method\":\"POST\",\"endpoint\":\"/api/v1/cashflows/{cashflowId}/financial/expense\",\"script\":\"unknown\",\"scenario\":\"fp_orchestrator\",\"userEmail\":null,\"vu\":1,\"iteration\":0,\"activeSessions\":1,\"status\":200,\"cashflowId\":null,\"clientId\":null,\"advisorId\":null,\"actualUrl\":\"https://dev-api.ibernia.it/api/v1/cashflows/6a1ee3bb901fc6abfbffa2e8/financial/expense\",\"correlationId\":null,\"timestamp\":\"2026-06-02T14:08:39.213Z\",\"sliceId\":null,\"throttled\":false,\"adaptiveAbortNearby\":false,\"requestContext\":{\"path\":{\"cashflows\":\"6a1ee3bb901fc6abfbffa2e8\"},\"query\":{},\"payloadPreview\":\"{\\\"description\\\":\\\"Household living costs (housing, utilities, food) [vol-fp1_g0_1780409264893-p0]\\\",\\\"amount\\\":{\\\"amount\\\":3200,\\\"currencySymbol\\\":\\\"Γé¼\\\"},\\\"start\\\":{\\\"age\\\":38,\\\"year\\\":2023},\\\"end\\\":{\\\"age\\\":90,\\\"year\\\":2075},\\\"isCash\\\":false,\\\"isFinance\\\":false,\\\"isDefault\\\":false,\\\"isIncomeExpenseSource\\\":false,\\\"isDisplayOnly\\\":false}\"}}" source=console
time="2026-06-02T19:08:39+05:00" level=info msg="__K6_PERF_SLOW__{\"ms\":758.6987,\"durationMs\":758.6987,\"module\":\"full-platform\",\"method\":\"POST\",\"endpoint\":\"/api/v1/cashflows/{cashflowId}/financial/expense\",\"script\":\"unknown\",\"scenario\":\"fp_orchestrator\",\"userEmail\":null,\"vu\":1,\"iteration\":0,\"activeSessions\":1,\"status\":200,\"cashflowId\":null,\"clientId\":null,\"advisorId\":null,\"actualUrl\":\"https://dev-api.ibernia.it/api/v1/cashflows/6a1ee3bb901fc6abfbffa2e8/financial/expense\",\"correlationId\":null,\"timestamp\":\"2026-06-02T14:08:39.213Z\",\"sliceId\":null,\"throttled\":false,\"adaptiveAbortNearby\":false,\"requestContext\":{\"path\":{\"cashflows\":\"6a1ee3bb901fc6abfbffa2e8\"},\"query\":{},\"payloadPreview\":\"{\\\"description\\\":\\\"Household living costs (housing, utilities, food) [vol-fp1_g0_1780409264893-p0]\\\",\\\"amount\\\":{\\\"amount\\\":3200,\\\"currencySymbol\\\":\\\"Γé¼\\\"},\\\"start\\\":{\\\"age\\\":38,\\\"year\\\":2023},\\\"end\\\":{\\\"age\\\":90,\\\"year\\\":2075},\\\"isCash\\\":false,\\\"isFinance\\\":false,\\\"isDefault\\\":false,\\\"isIncomeExpenseSource\\\":false,\\\"isDisplayOnly\\\":false}\"}}" source=console

running (00m56.9s), 1/1 VUs, 0 complete and 0 interrupted iterations
fp_orchestrator   [   0% ] 1 VUs  00m56.5s/30m0s  0/1 shared iters
time="2026-06-02T19:08:39+05:00" level=info msg="__K6_PERF_SLOW__{\"ms\":714.2944,\"durationMs\":714.2944,\"module\":\"full-platform\",\"method\":\"POST\",\"endpoint\":\"/api/v1/cashflows/{cashflowId}/financial/expense\",\"script\":\"unknown\",\"scenario\":\"fp_orchestrator\",\"userEmail\":null,\"vu\":1,\"iteration\":0,\"activeSessions\":1,\"status\":200,\"cashflowId\":null,\"clientId\":null,\"advisorId\":null,\"actualUrl\":\"https://dev-api.ibernia.it/api/v1/cashflows/6a1ee3bb901fc6abfbffa2e8/financial/expense\",\"correlationId\":null,\"timestamp\":\"2026-06-02T14:08:39.934Z\",\"sliceId\":null,\"throttled\":false,\"adaptiveAbortNearby\":false,\"requestContext\":{\"path\":{\"cashflows\":\"6a1ee3bb901fc6abfbffa2e8\"},\"query\":{},\"payloadPreview\":\"{\\\"description\\\":\\\"Home insurance and property maintenance [vol-fp1_g0_1780409264893-p0]\\\",\\\"amount\\\":{\\\"amount\\\":384,\\\"currencySymbol\\\":\\\"Γé¼\\\"},\\\"start\\\":{\\\"age\\\":38,\\\"year\\\":2023},\\\"end\\\":{\\\"age\\\":90,\\\"year\\\":2075},\\\"isCash\\\":false,\\\"isFinance\\\":false,\\\"isDefault\\\":false,\\\"isIncomeExpenseSource\\\":false,\\\"isDisplayOnly\\\":false}\"}}" source=console
time="2026-06-02T19:08:40+05:00" level=info msg="__K6_PERF_WORST__{\"ms\":590.754,\"durationMs\":590.754,\"module\":\"full-platform\",\"method\":\"GET\",\"endpoint\":\"/api/v1/cashflows/{cashflowId}/financial\",\"script\":\"unknown\",\"scenario\":\"fp_orchestrator\",\"userEmail\":null,\"vu\":1,\"iteration\":0,\"activeSessions\":1,\"status\":200,\"cashflowId\":null,\"clientId\":null,\"advisorId\":null,\"actualUrl\":\"https://dev-api.ibernia.it/api/v1/cashflows/6a1ee3bb901fc6abfbffa2e8/financial\",\"correlationId\":null,\"timestamp\":\"2026-06-02T14:08:40.532Z\",\"sliceId\":null,\"throttled\":false,\"adaptiveAbortNearby\":false,\"requestContext\":{\"path\":{\"cashflows\":\"6a1ee3bb901fc6abfbffa2e8\"},\"query\":{},\"payloadPreview\":null}}" source=console
time="2026-06-02T19:08:40+05:00" level=info msg="__K6_PERF_SLOW__{\"ms\":590.754,\"durationMs\":590.754,\"module\":\"full-platform\",\"method\":\"GET\",\"endpoint\":\"/api/v1/cashflows/{cashflowId}/financial\",\"script\":\"unknown\",\"scenario\":\"fp_orchestrator\",\"userEmail\":null,\"vu\":1,\"iteration\":0,\"activeSessions\":1,\"status\":200,\"cashflowId\":null,\"clientId\":null,\"advisorId\":null,\"actualUrl\":\"https://dev-api.ibernia.it/api/v1/cashflows/6a1ee3bb901fc6abfbffa2e8/financial\",\"correlationId\":null,\"timestamp\":\"2026-06-02T14:08:40.532Z\",\"sliceId\":null,\"throttled\":false,\"adaptiveAbortNearby\":false,\"requestContext\":{\"path\":{\"cashflows\":\"6a1ee3bb901fc6abfbffa2e8\"},\"query\":{},\"payloadPreview\":null}}" source=console

running (00m57.9s), 1/1 VUs, 0 complete and 0 interrupted iterations
fp_orchestrator   [   0% ] 1 VUs  00m57.5s/30m0s  0/1 shared iters
time="2026-06-02T19:08:40+05:00" level=info msg="__K6_PERF_WORST__{\"ms\":317.825,\"durationMs\":317.825,\"module\":\"full-platform\",\"method\":\"GET\",\"endpoint\":\"/api/v1/cashflows/{cashflowId}\",\"script\":\"unknown\",\"scenario\":\"fp_orchestrator\",\"userEmail\":null,\"vu\":1,\"iteration\":0,\"activeSessions\":1,\"status\":200,\"cashflowId\":null,\"clientId\":null,\"advisorId\":null,\"actualUrl\":\"https://dev-api.ibernia.it/api/v1/cashflows/6a1ee3bb901fc6abfbffa2e8\",\"correlationId\":null,\"timestamp\":\"2026-06-02T14:08:40.852Z\",\"sliceId\":null,\"throttled\":false,\"adaptiveAbortNearby\":false,\"requestContext\":{\"path\":{\"cashflows\":\"6a1ee3bb901fc6abfbffa2e8\"},\"query\":{},\"payloadPreview\":null}}" source=console
time="2026-06-02T19:08:40+05:00" level=info msg="__K6_PERF_SLOW__{\"ms\":317.825,\"durationMs\":317.825,\"module\":\"full-platform\",\"method\":\"GET\",\"endpoint\":\"/api/v1/cashflows/{cashflowId}\",\"script\":\"unknown\",\"scenario\":\"fp_orchestrator\",\"userEmail\":null,\"vu\":1,\"iteration\":0,\"activeSessions\":1,\"status\":200,\"cashflowId\":null,\"clientId\":null,\"advisorId\":null,\"actualUrl\":\"https://dev-api.ibernia.it/api/v1/cashflows/6a1ee3bb901fc6abfbffa2e8\",\"correlationId\":null,\"timestamp\":\"2026-06-02T14:08:40.852Z\",\"sliceId\":null,\"throttled\":false,\"adaptiveAbortNearby\":false,\"requestContext\":{\"path\":{\"cashflows\":\"6a1ee3bb901fc6abfbffa2e8\"},\"query\":{},\"payloadPreview\":null}}" source=console
time="2026-06-02T19:08:41+05:00" level=info msg="__K6_PERF_WORST__{\"ms\":365.671,\"durationMs\":365.671,\"module\":\"full-platform\",\"method\":\"POST\",\"endpoint\":\"/api/v1/wealth/{cashflowId}/assets\",\"script\":\"unknown\",\"scenario\":\"fp_orchestrator\",\"userEmail\":null,\"vu\":1,\"iteration\":0,\"activeSessions\":1,\"status\":200,\"cashflowId\":null,\"clientId\":null,\"advisorId\":null,\"actualUrl\":\"https://dev-api.ibernia.it/api/v1/wealth/6a1ee3bb901fc6abfbffa2e8/assets\",\"correlationId\":null,\"timestamp\":\"2026-06-02T14:08:41.219Z\",\"sliceId\":null,\"throttled\":false,\"adaptiveAbortNearby\":false,\"requestContext\":{\"path\":{\"wealth\":\"6a1ee3bb901fc6abfbffa2e8\"},\"query\":{},\"payloadPreview\":\"{\\\"category\\\":2,\\\"name\\\":\\\"Global equity ETF portfolio\\\",\\\"description\\\":\\\"Diversified MSCI World tracker in tax-advantaged wrapper ΓÇö Francesca Gallo [vol-fp1_g0_1780409264893-p0]\\\",\\\"value\\\":88277,\\\"ownership\\\":0}\"}}" source=console
time="2026-06-02T19:08:41+05:00" level=info msg="__K6_PERF_SLOW__{\"ms\":365.671,\"durationMs\":365.671,\"module\":\"full-platform\",\"method\":\"POST\",\"endpoint\":\"/api/v1/wealth/{cashflowId}/assets\",\"script\":\"unknown\",\"scenario\":\"fp_orchestrator\",\"userEmail\":null,\"vu\":1,\"iteration\":0,\"activeSessions\":1,\"status\":200,\"cashflowId\":null,\"clientId\":null,\"advisorId\":null,\"actualUrl\":\"https://dev-api.ibernia.it/api/v1/wealth/6a1ee3bb901fc6abfbffa2e8/assets\",\"correlationId\":null,\"timestamp\":\"2026-06-02T14:08:41.219Z\",\"sliceId\":null,\"throttled\":false,\"adaptiveAbortNearby\":false,\"requestContext\":{\"path\":{\"wealth\":\"6a1ee3bb901fc6abfbffa2e8\"},\"query\":{},\"payloadPreview\":\"{\\\"category\\\":2,\\\"name\\\":\\\"Global equity ETF portfolio\\\",\\\"description\\\":\\\"Diversified MSCI World tracker in tax-advantaged wrapper ΓÇö Francesca Gallo [vol-fp1_g0_1780409264893-p0]\\\",\\\"value\\\":88277,\\\"ownership\\\":0}\"}}" source=console

running (00m58.9s), 1/1 VUs, 0 complete and 0 interrupted iterations
fp_orchestrator   [   0% ] 1 VUs  00m58.5s/30m0s  0/1 shared iters
time="2026-06-02T19:08:41+05:00" level=info msg="__K6_PERF_WORST__{\"ms\":388.741,\"durationMs\":388.741,\"module\":\"full-platform\",\"method\":\"POST\",\"endpoint\":\"/api/v1/wealth/{cashflowId}/liabilities\",\"script\":\"unknown\",\"scenario\":\"fp_orchestrator\",\"userEmail\":null,\"vu\":1,\"iteration\":0,\"activeSessions\":1,\"status\":200,\"cashflowId\":null,\"clientId\":null,\"advisorId\":null,\"actualUrl\":\"https://dev-api.ibernia.it/api/v1/wealth/6a1ee3bb901fc6abfbffa2e8/liabilities\",\"correlationId\":null,\"timestamp\":\"2026-06-02T14:08:41.766Z\",\"sliceId\":null,\"throttled\":false,\"adaptiveAbortNearby\":false,\"requestContext\":{\"path\":{\"wealth\":\"6a1ee3bb901fc6abfbffa2e8\"},\"query\":{},\"payloadPreview\":\"{\\\"type\\\":\\\"Mortgage\\\",\\\"name\\\":\\\"Primary residence mortgage\\\",\\\"description\\\":\\\"Fixed-rate home loan on main residence ΓÇö Francesca Gallo [vol-fp1_g0_1780409264893-p0]\\\",\\\"outstanding\\\":145277,\\\"ownership\\\":0}\"}}" source=console
time="2026-06-02T19:08:41+05:00" level=info msg="__K6_PERF_SLOW__{\"ms\":388.741,\"durationMs\":388.741,\"module\":\"full-platform\",\"method\":\"POST\",\"endpoint\":\"/api/v1/wealth/{cashflowId}/liabilities\",\"script\":\"unknown\",\"scenario\":\"fp_orchestrator\",\"userEmail\":null,\"vu\":1,\"iteration\":0,\"activeSessions\":1,\"status\":200,\"cashflowId\":null,\"clientId\":null,\"advisorId\":null,\"actualUrl\":\"https://dev-api.ibernia.it/api/v1/wealth/6a1ee3bb901fc6abfbffa2e8/liabilities\",\"correlationId\":null,\"timestamp\":\"2026-06-02T14:08:41.766Z\",\"sliceId\":null,\"throttled\":false,\"adaptiveAbortNearby\":false,\"requestContext\":{\"path\":{\"wealth\":\"6a1ee3bb901fc6abfbffa2e8\"},\"query\":{},\"payloadPreview\":\"{\\\"type\\\":\\\"Mortgage\\\",\\\"name\\\":\\\"Primary residence mortgage\\\",\\\"description\\\":\\\"Fixed-rate home loan on main residence ΓÇö Francesca Gallo [vol-fp1_g0_1780409264893-p0]\\\",\\\"outstanding\\\":145277,\\\"ownership\\\":0}\"}}" source=console
time="2026-06-02T19:08:42+05:00" level=info msg="__K6_PERF_WORST__{\"ms\":374.5579,\"durationMs\":374.5579,\"module\":\"full-platform\",\"method\":\"GET\",\"endpoint\":\"/api/v1/wealth/{cashflowId}\",\"script\":\"unknown\",\"scenario\":\"fp_orchestrator\",\"userEmail\":null,\"vu\":1,\"iteration\":0,\"activeSessions\":1,\"status\":200,\"cashflowId\":null,\"clientId\":null,\"advisorId\":null,\"actualUrl\":\"https://dev-api.ibernia.it/api/v1/wealth/6a1ee3bb901fc6abfbffa2e8\",\"correlationId\":null,\"timestamp\":\"2026-06-02T14:08:42.303Z\",\"sliceId\":null,\"throttled\":false,\"adaptiveAbortNearby\":false,\"requestContext\":{\"path\":{\"wealth\":\"6a1ee3bb901fc6abfbffa2e8\"},\"query\":{},\"payloadPreview\":null}}" source=console
time="2026-06-02T19:08:42+05:00" level=info msg="__K6_PERF_SLOW__{\"ms\":374.5579,\"durationMs\":374.5579,\"module\":\"full-platform\",\"method\":\"GET\",\"endpoint\":\"/api/v1/wealth/{cashflowId}\",\"script\":\"unknown\",\"scenario\":\"fp_orchestrator\",\"userEmail\":null,\"vu\":1,\"iteration\":0,\"activeSessions\":1,\"status\":200,\"cashflowId\":null,\"clientId\":null,\"advisorId\":null,\"actualUrl\":\"https://dev-api.ibernia.it/api/v1/wealth/6a1ee3bb901fc6abfbffa2e8\",\"correlationId\":null,\"timestamp\":\"2026-06-02T14:08:42.303Z\",\"sliceId\":null,\"throttled\":false,\"adaptiveAbortNearby\":false,\"requestContext\":{\"path\":{\"wealth\":\"6a1ee3bb901fc6abfbffa2e8\"},\"query\":{},\"payloadPreview\":null}}" source=console
time="2026-06-02T19:08:42+05:00" level=info msg="__K6_PERF_WORST__{\"ms\":293.1541,\"durationMs\":293.1541,\"module\":\"full-platform\",\"method\":\"GET\",\"endpoint\":\"/api/v1/cashflows/{cashflowId}/funds\",\"script\":\"unknown\",\"scenario\":\"fp_orchestrator\",\"userEmail\":null,\"vu\":1,\"iteration\":0,\"activeSessions\":1,\"status\":200,\"cashflowId\":null,\"clientId\":null,\"advisorId\":null,\"actualUrl\":\"https://dev-api.ibernia.it/api/v1/cashflows/6a1ee3bb901fc6abfbffa2e8/funds\",\"correlationId\":null,\"timestamp\":\"2026-06-02T14:08:42.605Z\",\"sliceId\":null,\"throttled\":false,\"adaptiveAbortNearby\":false,\"requestContext\":{\"path\":{\"cashflows\":\"6a1ee3bb901fc6abfbffa2e8\"},\"query\":{},\"payloadPreview\":null}}" source=console

running (00m59.9s), 1/1 VUs, 0 complete and 0 interrupted iterations
fp_orchestrator   [   0% ] 1 VUs  00m59.5s/30m0s  0/1 shared iters
time="2026-06-02T19:08:42+05:00" level=info msg="__K6_PERF_WORST__{\"ms\":319.2601,\"durationMs\":319.2601,\"module\":\"full-platform\",\"method\":\"POST\",\"endpoint\":\"/api/v1/cashflows/{cashflowId}/funds/contributions\",\"script\":\"unknown\",\"scenario\":\"fp_orchestrator\",\"userEmail\":null,\"vu\":1,\"iteration\":0,\"activeSessions\":1,\"status\":200,\"cashflowId\":null,\"clientId\":null,\"advisorId\":null,\"actualUrl\":\"https://dev-api.ibernia.it/api/v1/cashflows/6a1ee3bb901fc6abfbffa2e8/funds/contributions\",\"correlationId\":null,\"timestamp\":\"2026-06-02T14:08:42.931Z\",\"sliceId\":null,\"throttled\":false,\"adaptiveAbortNearby\":false,\"requestContext\":{\"path\":{\"cashflows\":\"6a1ee3bb901fc6abfbffa2e8\"},\"query\":{},\"payloadPreview\":\"{\\\"description\\\":\\\"Monthly pension contribution ΓÇö Francesca Gallo [vol-fp1_g0_1780409264893-p0]\\\",\\\"amount\\\":{\\\"amount\\\":672,\\\"currencySymbol\\\":\\\"Γé¼\\\"},\\\"start\\\":{\\\"age\\\":37,\\\"year\\\":2022},\\\"end\\\":{\\\"age\\\":65,\\\"year\\\":2050},\\\"contributionType\\\":1,\\\"associatedSavingPotId\\\":\\\"6a1ee3e9901fc6abfbffb83f\\\"}\"}}" source=console
time="2026-06-02T19:08:42+05:00" level=info msg="__K6_PERF_SLOW__{\"ms\":319.2601,\"durationMs\":319.2601,\"module\":\"full-platform\",\"method\":\"POST\",\"endpoint\":\"/api/v1/cashflows/{cashflowId}/funds/contributions\",\"script\":\"unknown\",\"scenario\":\"fp_orchestrator\",\"userEmail\":null,\"vu\":1,\"iteration\":0,\"activeSessions\":1,\"status\":200,\"cashflowId\":null,\"clientId\":null,\"advisorId\":null,\"actualUrl\":\"https://dev-api.ibernia.it/api/v1/cashflows/6a1ee3bb901fc6abfbffa2e8/funds/contributions\",\"correlationId\":null,\"timestamp\":\"2026-06-02T14:08:42.931Z\",\"sliceId\":null,\"throttled\":false,\"adaptiveAbortNearby\":false,\"requestContext\":{\"path\":{\"cashflows\":\"6a1ee3bb901fc6abfbffa2e8\"},\"query\":{},\"payloadPreview\":\"{\\\"description\\\":\\\"Monthly pension contribution ΓÇö Francesca Gallo [vol-fp1_g0_1780409264893-p0]\\\",\\\"amount\\\":{\\\"amount\\\":672,\\\"currencySymbol\\\":\\\"Γé¼\\\"},\\\"start\\\":{\\\"age\\\":37,\\\"year\\\":2022},\\\"end\\\":{\\\"age\\\":65,\\\"year\\\":2050},\\\"contributionType\\\":1,\\\"associatedSavingPotId\\\":\\\"6a1ee3e9901fc6abfbffb83f\\\"}\"}}" source=console
time="2026-06-02T19:08:43+05:00" level=info msg="__K6_PERF_WORST__{\"ms\":345.2229,\"durationMs\":345.2229,\"module\":\"full-platform\",\"method\":\"POST\",\"endpoint\":\"/api/v1/cashflows/{cashflowId}/funds/contributions\",\"script\":\"unknown\",\"scenario\":\"fp_orchestrator\",\"userEmail\":null,\"vu\":1,\"iteration\":0,\"activeSessions\":1,\"status\":200,\"cashflowId\":null,\"clientId\":null,\"advisorId\":null,\"actualUrl\":\"https://dev-api.ibernia.it/api/v1/cashflows/6a1ee3bb901fc6abfbffa2e8/funds/contributions\",\"correlationId\":null,\"timestamp\":\"2026-06-02T14:08:43.283Z\",\"sliceId\":null,\"throttled\":false,\"adaptiveAbortNearby\":false,\"requestContext\":{\"path\":{\"cashflows\":\"6a1ee3bb901fc6abfbffa2e8\"},\"query\":{},\"payloadPreview\":\"{\\\"description\\\":\\\"Annual ISA top-up (lump sum) [vol-fp1_g0_1780409264893-p0]\\\",\\\"amount\\\":{\\\"amount\\\":14000,\\\"currencySymbol\\\":\\\"Γé¼\\\"},\\\"start\\\":{\\\"age\\\":37,\\\"year\\\":2022},\\\"end\\\":{\\\"age\\\":65,\\\"year\\\":2050},\\\"contributionType\\\":2}\"}}" source=console
time="2026-06-02T19:08:43+05:00" level=info msg="__K6_PERF_SLOW__{\"ms\":345.2229,\"durationMs\":345.2229,\"module\":\"full-platform\",\"method\":\"POST\",\"endpoint\":\"/api/v1/cashflows/{cashflowId}/funds/contributions\",\"script\":\"unknown\",\"scenario\":\"fp_orchestrator\",\"userEmail\":null,\"vu\":1,\"iteration\":0,\"activeSessions\":1,\"status\":200,\"cashflowId\":null,\"clientId\":null,\"advisorId\":null,\"actualUrl\":\"https://dev-api.ibernia.it/api/v1/cashflows/6a1ee3bb901fc6abfbffa2e8/funds/contributions\",\"correlationId\":null,\"timestamp\":\"2026-06-02T14:08:43.283Z\",\"sliceId\":null,\"throttled\":false,\"adaptiveAbortNearby\":false,\"requestContext\":{\"path\":{\"cashflows\":\"6a1ee3bb901fc6abfbffa2e8\"},\"query\":{},\"payloadPreview\":\"{\\\"description\\\":\\\"Annual ISA top-up (lump sum) [vol-fp1_g0_1780409264893-p0]\\\",\\\"amount\\\":{\\\"amount\\\":14000,\\\"currencySymbol\\\":\\\"Γé¼\\\"},\\\"start\\\":{\\\"age\\\":37,\\\"year\\\":2022},\\\"end\\\":{\\\"age\\\":65,\\\"year\\\":2050},\\\"contributionType\\\":2}\"}}" source=console
time="2026-06-02T19:08:43+05:00" level=info msg="__K6_PERF_WORST__{\"ms\":359.9934,\"durationMs\":359.9934,\"module\":\"full-platform\",\"method\":\"POST\",\"endpoint\":\"/api/v1/cashflows/{cashflowId}/funds/withdrawals\",\"script\":\"unknown\",\"scenario\":\"fp_orchestrator\",\"userEmail\":null,\"vu\":1,\"iteration\":0,\"activeSessions\":1,\"status\":200,\"cashflowId\":null,\"clientId\":null,\"advisorId\":null,\"actualUrl\":\"https://dev-api.ibernia.it/api/v1/cashflows/6a1ee3bb901fc6abfbffa2e8/funds/withdrawals\",\"correlationId\":null,\"timestamp\":\"2026-06-02T14:08:43.651Z\",\"sliceId\":null,\"throttled\":false,\"adaptiveAbortNearby\":false,\"requestContext\":{\"path\":{\"cashflows\":\"6a1ee3bb901fc6abfbffa2e8\"},\"query\":{},\"payloadPreview\":\"{\\\"description\\\":\\\"Retirement income drawdown from age 67 [vol-fp1_g0_1780409264893-p0]\\\",\\\"amount\\\":{\\\"amount\\\":2520,\\\"currencySymbol\\\":\\\"Γé¼\\\"},\\\"start\\\":{\\\"age\\\":67,\\\"year\\\":2052},\\\"end\\\":{\\\"age\\\":90,\\\"year\\\":2075},\\\"contributionType\\\":1,\\\"associatedSavingPotId\\\":\\\"6a1ee3e9901fc6abfbffb83f\\\"}\"}}" source=console
time="2026-06-02T19:08:43+05:00" level=info msg="__K6_PERF_SLOW__{\"ms\":359.9934,\"durationMs\":359.9934,\"module\":\"full-platform\",\"method\":\"POST\",\"endpoint\":\"/api/v1/cashflows/{cashflowId}/funds/withdrawals\",\"script\":\"unknown\",\"scenario\":\"fp_orchestrator\",\"userEmail\":null,\"vu\":1,\"iteration\":0,\"activeSessions\":1,\"status\":200,\"cashflowId\":null,\"clientId\":null,\"advisorId\":null,\"actualUrl\":\"https://dev-api.ibernia.it/api/v1/cashflows/6a1ee3bb901fc6abfbffa2e8/funds/withdrawals\",\"correlationId\":null,\"timestamp\":\"2026-06-02T14:08:43.651Z\",\"sliceId\":null,\"throttled\":false,\"adaptiveAbortNearby\":false,\"requestContext\":{\"path\":{\"cashflows\":\"6a1ee3bb901fc6abfbffa2e8\"},\"query\":{},\"payloadPreview\":\"{\\\"description\\\":\\\"Retirement income drawdown from age 67 [vol-fp1_g0_1780409264893-p0]\\\",\\\"amount\\\":{\\\"amount\\\":2520,\\\"currencySymbol\\\":\\\"Γé¼\\\"},\\\"start\\\":{\\\"age\\\":67,\\\"year\\\":2052},\\\"end\\\":{\\\"age\\\":90,\\\"year\\\":2075},\\\"contributionType\\\":1,\\\"associatedSavingPotId\\\":\\\"6a1ee3e9901fc6abfbffb83f\\\"}\"}}" source=console

running (01m00.9s), 1/1 VUs, 0 complete and 0 interrupted iterations
fp_orchestrator   [   0% ] 1 VUs  01m00.5s/30m0s  0/1 shared iters
time="2026-06-02T19:08:44+05:00" level=info msg="__K6_PERF_WORST__{\"ms\":386.8985,\"durationMs\":386.8985,\"module\":\"full-platform\",\"method\":\"POST\",\"endpoint\":\"/api/v1/cashflows/{cashflowId}/funds/withdrawals\",\"script\":\"unknown\",\"scenario\":\"fp_orchestrator\",\"userEmail\":null,\"vu\":1,\"iteration\":0,\"activeSessions\":1,\"status\":200,\"cashflowId\":null,\"clientId\":null,\"advisorId\":null,\"actualUrl\":\"https://dev-api.ibernia.it/api/v1/cashflows/6a1ee3bb901fc6abfbffa2e8/funds/withdrawals\",\"correlationId\":null,\"timestamp\":\"2026-06-02T14:08:44.052Z\",\"sliceId\":null,\"throttled\":false,\"adaptiveAbortNearby\":false,\"requestContext\":{\"path\":{\"cashflows\":\"6a1ee3bb901fc6abfbffa2e8\"},\"query\":{},\"payloadPreview\":\"{\\\"description\\\":\\\"One-off capital withdrawal (home improvement) [vol-fp1_g0_1780409264893-p0]\\\",\\\"amount\\\":{\\\"amount\\\":19200,\\\"currencySymbol\\\":\\\"Γé¼\\\"},\\\"start\\\":{\\\"age\\\":62,\\\"year\\\":2047},\\\"end\\\":{\\\"age\\\":62,\\\"year\\\":2047},\\\"contributionType\\\":3}\"}}" source=console
time="2026-06-02T19:08:44+05:00" level=info msg="__K6_PERF_SLOW__{\"ms\":386.8985,\"durationMs\":386.8985,\"module\":\"full-platform\",\"method\":\"POST\",\"endpoint\":\"/api/v1/cashflows/{cashflowId}/funds/withdrawals\",\"script\":\"unknown\",\"scenario\":\"fp_orchestrator\",\"userEmail\":null,\"vu\":1,\"iteration\":0,\"activeSessions\":1,\"status\":200,\"cashflowId\":null,\"clientId\":null,\"advisorId\":null,\"actualUrl\":\"https://dev-api.ibernia.it/api/v1/cashflows/6a1ee3bb901fc6abfbffa2e8/funds/withdrawals\",\"correlationId\":null,\"timestamp\":\"2026-06-02T14:08:44.052Z\",\"sliceId\":null,\"throttled\":false,\"adaptiveAbortNearby\":false,\"requestContext\":{\"path\":{\"cashflows\":\"6a1ee3bb901fc6abfbffa2e8\"},\"query\":{},\"payloadPreview\":\"{\\\"description\\\":\\\"One-off capital withdrawal (home improvement) [vol-fp1_g0_1780409264893-p0]\\\",\\\"amount\\\":{\\\"amount\\\":19200,\\\"currencySymbol\\\":\\\"Γé¼\\\"},\\\"start\\\":{\\\"age\\\":62,\\\"year\\\":2047},\\\"end\\\":{\\\"age\\\":62,\\\"year\\\":2047},\\\"contributionType\\\":3}\"}}" source=console
time="2026-06-02T19:08:44+05:00" level=info msg="__K6_PERF_WORST__{\"ms\":327.1038,\"durationMs\":327.1038,\"module\":\"full-platform\",\"method\":\"GET\",\"endpoint\":\"/api/v1/cashflows/{cashflowId}/funds\",\"script\":\"unknown\",\"scenario\":\"fp_orchestrator\",\"userEmail\":null,\"vu\":1,\"iteration\":0,\"activeSessions\":1,\"status\":200,\"cashflowId\":null,\"clientId\":null,\"advisorId\":null,\"actualUrl\":\"https://dev-api.ibernia.it/api/v1/cashflows/6a1ee3bb901fc6abfbffa2e8/funds\",\"correlationId\":null,\"timestamp\":\"2026-06-02T14:08:44.384Z\",\"sliceId\":null,\"throttled\":false,\"adaptiveAbortNearby\":false,\"requestContext\":{\"path\":{\"cashflows\":\"6a1ee3bb901fc6abfbffa2e8\"},\"query\":{},\"payloadPreview\":null}}" source=console
time="2026-06-02T19:08:44+05:00" level=info msg="__K6_PERF_SLOW__{\"ms\":327.1038,\"durationMs\":327.1038,\"module\":\"full-platform\",\"method\":\"GET\",\"endpoint\":\"/api/v1/cashflows/{cashflowId}/funds\",\"script\":\"unknown\",\"scenario\":\"fp_orchestrator\",\"userEmail\":null,\"vu\":1,\"iteration\":0,\"activeSessions\":1,\"status\":200,\"cashflowId\":null,\"clientId\":null,\"advisorId\":null,\"actualUrl\":\"https://dev-api.ibernia.it/api/v1/cashflows/6a1ee3bb901fc6abfbffa2e8/funds\",\"correlationId\":null,\"timestamp\":\"2026-06-02T14:08:44.384Z\",\"sliceId\":null,\"throttled\":false,\"adaptiveAbortNearby\":false,\"requestContext\":{\"path\":{\"cashflows\":\"6a1ee3bb901fc6abfbffa2e8\"},\"query\":{},\"payloadPreview\":null}}" source=console

running (01m01.9s), 1/1 VUs, 0 complete and 0 interrupted iterations
fp_orchestrator   [   0% ] 1 VUs  01m01.5s/30m0s  0/1 shared iters
time="2026-06-02T19:08:45+05:00" level=info msg="__K6_PERF_SLOW__{\"ms\":563.4649,\"durationMs\":563.4649,\"module\":\"full-platform\",\"method\":\"GET\",\"endpoint\":\"/api/v1/cashflows/{cashflowId}/financial\",\"script\":\"unknown\",\"scenario\":\"fp_orchestrator\",\"userEmail\":null,\"vu\":1,\"iteration\":0,\"activeSessions\":1,\"status\":200,\"cashflowId\":null,\"clientId\":null,\"advisorId\":null,\"actualUrl\":\"https://dev-api.ibernia.it/api/v1/cashflows/6a1ee3bb901fc6abfbffa2e8/financial\",\"correlationId\":null,\"timestamp\":\"2026-06-02T14:08:45.239Z\",\"sliceId\":null,\"throttled\":false,\"adaptiveAbortNearby\":false,\"requestContext\":{\"path\":{\"cashflows\":\"6a1ee3bb901fc6abfbffa2e8\"},\"query\":{},\"payloadPreview\":null}}" source=console
time="2026-06-02T19:08:45+05:00" level=info msg="__K6_PERF_WORST__{\"ms\":416.5147,\"durationMs\":416.5147,\"module\":\"full-platform\",\"method\":\"POST\",\"endpoint\":\"/api/v1/Reports/{cashflowId}\",\"script\":\"unknown\",\"scenario\":\"fp_orchestrator\",\"userEmail\":null,\"vu\":1,\"iteration\":0,\"activeSessions\":1,\"status\":500,\"cashflowId\":null,\"clientId\":null,\"advisorId\":null,\"actualUrl\":\"https://dev-api.ibernia.it/api/v1/Reports/6a1ee3bb901fc6abfbffa2e8?inflationRate=2.35\",\"correlationId\":null,\"timestamp\":\"2026-06-02T14:08:45.658Z\",\"sliceId\":null,\"throttled\":false,\"adaptiveAbortNearby\":false,\"requestContext\":{\"path\":{\"Reports\":\"6a1ee3bb901fc6abfbffa2e8\"},\"query\":{\"inflationRate\":\"2.35\"},\"payloadPreview\":\"{\\\"forecastStartDate\\\":\\\"2026-12-01T10:30:00.000Z\\\",\\\"forecastEndDate\\\":\\\"2047-12-01T10:30:00.000Z\\\"}\"}}" source=console
time="2026-06-02T19:08:45+05:00" level=info msg="__K6_PERF_SLOW__{\"ms\":416.5147,\"durationMs\":416.5147,\"module\":\"full-platform\",\"method\":\"POST\",\"endpoint\":\"/api/v1/Reports/{cashflowId}\",\"script\":\"unknown\",\"scenario\":\"fp_orchestrator\",\"userEmail\":null,\"vu\":1,\"iteration\":0,\"activeSessions\":1,\"status\":500,\"cashflowId\":null,\"clientId\":null,\"advisorId\":null,\"actualUrl\":\"https://dev-api.ibernia.it/api/v1/Reports/6a1ee3bb901fc6abfbffa2e8?inflationRate=2.35\",\"correlationId\":null,\"timestamp\":\"2026-06-02T14:08:45.658Z\",\"sliceId\":null,\"throttled\":false,\"adaptiveAbortNearby\":false,\"requestContext\":{\"path\":{\"Reports\":\"6a1ee3bb901fc6abfbffa2e8\"},\"query\":{\"inflationRate\":\"2.35\"},\"payloadPreview\":\"{\\\"forecastStartDate\\\":\\\"2026-12-01T10:30:00.000Z\\\",\\\"forecastEndDate\\\":\\\"2047-12-01T10:30:00.000Z\\\"}\"}}" source=console

running (01m02.9s), 1/1 VUs, 0 complete and 0 interrupted iterations
fp_orchestrator   [   0% ] 1 VUs  01m02.5s/30m0s  0/1 shared iters
time="2026-06-02T19:08:46+05:00" level=info msg="__K6_PERF_WORST__{\"ms\":422.3181,\"durationMs\":422.3181,\"module\":\"full-platform\",\"method\":\"POST\",\"endpoint\":\"/api/v1/Reports/{cashflowId}/scenario\",\"script\":\"unknown\",\"scenario\":\"fp_orchestrator\",\"userEmail\":null,\"vu\":1,\"iteration\":0,\"activeSessions\":1,\"status\":500,\"cashflowId\":null,\"clientId\":null,\"advisorId\":null,\"actualUrl\":\"https://dev-api.ibernia.it/api/v1/Reports/6a1ee3bb901fc6abfbffa2e8/scenario\",\"correlationId\":null,\"timestamp\":\"2026-06-02T14:08:46.084Z\",\"sliceId\":null,\"throttled\":false,\"adaptiveAbortNearby\":false,\"requestContext\":{\"path\":{\"Reports\":\"6a1ee3bb901fc6abfbffa2e8\"},\"query\":{},\"payloadPreview\":\"{\\\"forecastStartDate\\\":\\\"2026-12-01T10:30:00.000Z\\\",\\\"forecastEndDate\\\":\\\"2047-12-01T10:30:00.000Z\\\",\\\"inflationRate\\\":3.1}\"}}" source=console
time="2026-06-02T19:08:46+05:00" level=info msg="__K6_PERF_SLOW__{\"ms\":422.3181,\"durationMs\":422.3181,\"module\":\"full-platform\",\"method\":\"POST\",\"endpoint\":\"/api/v1/Reports/{cashflowId}/scenario\",\"script\":\"unknown\",\"scenario\":\"fp_orchestrator\",\"userEmail\":null,\"vu\":1,\"iteration\":0,\"activeSessions\":1,\"status\":500,\"cashflowId\":null,\"clientId\":null,\"advisorId\":null,\"actualUrl\":\"https://dev-api.ibernia.it/api/v1/Reports/6a1ee3bb901fc6abfbffa2e8/scenario\",\"correlationId\":null,\"timestamp\":\"2026-06-02T14:08:46.084Z\",\"sliceId\":null,\"throttled\":false,\"adaptiveAbortNearby\":false,\"requestContext\":{\"path\":{\"Reports\":\"6a1ee3bb901fc6abfbffa2e8\"},\"query\":{},\"payloadPreview\":\"{\\\"forecastStartDate\\\":\\\"2026-12-01T10:30:00.000Z\\\",\\\"forecastEndDate\\\":\\\"2047-12-01T10:30:00.000Z\\\",\\\"inflationRate\\\":3.1}\"}}" source=console
time="2026-06-02T19:08:46+05:00" level=info msg="__K6_PERF_WORST__{\"ms\":428.6051,\"durationMs\":428.6051,\"module\":\"full-platform\",\"method\":\"GET\",\"endpoint\":\"/api/v1/Reports/{cashflowId}\",\"script\":\"unknown\",\"scenario\":\"fp_orchestrator\",\"userEmail\":null,\"vu\":1,\"iteration\":0,\"activeSessions\":1,\"status\":500,\"cashflowId\":null,\"clientId\":null,\"advisorId\":null,\"actualUrl\":\"https://dev-api.ibernia.it/api/v1/Reports/6a1ee3bb901fc6abfbffa2e8?inflationRate=2.35\",\"correlationId\":null,\"timestamp\":\"2026-06-02T14:08:46.515Z\",\"sliceId\":null,\"throttled\":false,\"adaptiveAbortNearby\":false,\"requestContext\":{\"path\":{\"Reports\":\"6a1ee3bb901fc6abfbffa2e8\"},\"query\":{\"inflationRate\":\"2.35\"},\"payloadPreview\":null}}" source=console
time="2026-06-02T19:08:46+05:00" level=info msg="__K6_PERF_SLOW__{\"ms\":428.6051,\"durationMs\":428.6051,\"module\":\"full-platform\",\"method\":\"GET\",\"endpoint\":\"/api/v1/Reports/{cashflowId}\",\"script\":\"unknown\",\"scenario\":\"fp_orchestrator\",\"userEmail\":null,\"vu\":1,\"iteration\":0,\"activeSessions\":1,\"status\":500,\"cashflowId\":null,\"clientId\":null,\"advisorId\":null,\"actualUrl\":\"https://dev-api.ibernia.it/api/v1/Reports/6a1ee3bb901fc6abfbffa2e8?inflationRate=2.35\",\"correlationId\":null,\"timestamp\":\"2026-06-02T14:08:46.515Z\",\"sliceId\":null,\"throttled\":false,\"adaptiveAbortNearby\":false,\"requestContext\":{\"path\":{\"Reports\":\"6a1ee3bb901fc6abfbffa2e8\"},\"query\":{\"inflationRate\":\"2.35\"},\"payloadPreview\":null}}" source=console
time="2026-06-02T19:08:46+05:00" level=info msg="PHASE_A_MANIFEST_SHARD:{\"reportType\":\"phase-a-manifest-shard\",\"generatedAt\":\"2026-06-02T14:08:46.519Z\",\"runTag\":\"S1-write-realistic-v3\",\"shardId\":\"advisor-19\",\"scenario\":\"S1\",\"runId\":\"S1-write-realistic-v3\",\"advisorIndex\":19,\"advisorSub\":\"8966f0dd-4d47-445e-abae-4d01ffb37434\",\"advisorEmail\":\"User20@gmail.com\",\"vu\":1,\"iteration\":0,\"clients\":[{\"clientId\":\"6a1ee3b9901fc6abfbffa239\",\"uniqueTag\":\"fp1_g0_1780409264893\",\"cashflows\":[{\"cashflowId\":\"6a1ee3bb901fc6abfbffa2e8\",\"planName\":\"Business owner succession plan\"}]}],\"counts\":{\"clients\":1,\"plans\":1}}" source=console
time="2026-06-02T19:08:46+05:00" level=error msg="Error: [volume-signoff] could not open volume-api-slo.json\n\tat openSignoffJsonWithFallbacks (file:///C:/Users/gulle/source/repos/load-testing-k6/lib/volume-signoff-k6.js:66:9(160))\n\tat getSignoffConfig (file:///C:/Users/gulle/source/repos/load-testing-k6/lib/volume-signoff-k6.js:72:53(20))\n\tat buildVolumeSignoffShardPayload (file:///C:/Users/gulle/source/repos/load-testing-k6/lib/volume-signoff-k6.js:113:34(8))\n\tat emitVolumeSignoffShardMarker (file:///C:/Users/gulle/source/repos/load-testing-k6/lib/volume-signoff-k6.js:140:47(18))\n\tat default (file:///C:/Users/gulle/source/repos/load-testing-k6/k6/full-platform/k6-full-platform-orchestrator.js:560:31(403))\n" executor=shared-iterations scenario=fp_orchestrator source=stacktrace
time="2026-06-02T19:08:46+05:00" level=warning msg="[volume-slo] scenarios file unavailable (../../config/volume-scenarios.json); using inline default." source=console
time="2026-06-02T19:08:46+05:00" level=info msg="[volume-slo] export phase=A shardId=advisor-19 path=reports/phase-a/S1-write-realistic-v3/slo-shards/slo-advisor-19.json endpointSamples=0 stepSamples=0 endpointViolationRate=n/a stepViolationRate=n/a gate=n/a" source=console
time="2026-06-02T19:08:46+05:00" level=info msg="[volume-manifest] export shardId=advisor-19 path=reports/phase-a/S1-write-realistic-v3/manifests/shard-S1-write-realistic-v3-advisor-19.json counts.clients=0 counts.plans=0 clientRows=0 source=log-marker-expected" source=console

running (01m03.8s), 0/1 VUs, 1 complete and 0 interrupted iterations
fp_orchestrator Γ£ô [ 100% ] 1 VUs  01m03.3s/30m0s  1/1 shared iters
time="2026-06-02T19:08:47+05:00" level=error msg="thresholds on metrics 'checks' have been crossed"
